2024-01-10T10:21:06.6425379+13:00 [INF] (DropshipGetTickets/MMLAKL-TS/1) DropshipGetTickets started
2024-01-10T10:21:36.5651566+13:00 [DBG] (DropshipGetTickets/MMLAKL-TS/1) btnGetConsignment_Click - Requesting consignment from Aramex API with SOAP body
{"To":{"ContactName":"Maren Seaver","PhoneNumber":"0279401846","Email":"","Reference":"21807974","SpecialInstructions":"","Address":{"StreetAddress":"38B Bruce Avenue","Locality":"Wellington","StateOrProvince":"","PostalCode":"6021","Country":"NZ"}},"Items":[{"Reference":"21807974","Quantity":2,"PackageType":"P","WeightDead":0,"WeightCubic":0,"Length":1,"Width":1,"Height":1,"EdiLineNo":""}],"InstructionsPublic":""}
2024-01-10T10:21:37.3090972+13:00 [ERR] (DropshipGetTickets/MMLAKL-TS/1) GetConsignmentTicket: Error occured during a POST on https://api.myfastway.co.nz/api/consignments 
 with status 400 BadRequest - Request failed with status code BadRequest
	VAL_RANGE - 'WeightDead' is not valid.
2024-01-10T10:21:41.3734341+13:00 [WRN] (DropshipGetTickets/MMLAKL-TS/1) btnGetConsignment_Click - Failed to get consignment with error
GetConsignmentTicket: Error occured during a POST on https://api.myfastway.co.nz/api/consignments 
 with status 400 BadRequest - Request failed with status code BadRequest
	VAL_RANGE - 'WeightDead' is not valid.
2024-01-10T10:21:45.6593911+13:00 [DBG] (DropshipGetTickets/MMLAKL-TS/1) btnGetConsignment_Click - Requesting consignment from Aramex API with SOAP body
{"To":{"ContactName":"Maren Seaver","PhoneNumber":"0279401846","Email":"","Reference":"21807974","SpecialInstructions":"","Address":{"StreetAddress":"38B Bruce Avenue","Locality":"Wellington","StateOrProvince":"","PostalCode":"6021","Country":"NZ"}},"Items":[{"Reference":"21807974","Quantity":2,"PackageType":"P","WeightDead":1,"WeightCubic":0,"Length":1,"Width":1,"Height":1,"EdiLineNo":""}],"InstructionsPublic":""}
2024-01-10T10:21:46.0020724+13:00 [INF] (DropshipGetTickets/MMLAKL-TS/1) btnGetConsignment_Click - Successfully got consignment 59309040 response
2024-01-10T10:21:46.0089065+13:00 [DBG] (DropshipGetTickets/MMLAKL-TS/1) btnGetConsignment_Click - SOAP response for consignment 59309040 was:
AramexAPI.Data
2024-01-10T10:23:39.9958367+13:00 [INF] (DropshipGetTickets/MMLAKL-TS/1) PrintLabel - succeeded
2024-01-10T10:23:40.5738063+13:00 [INF] (DropshipGetTickets/MMLAKL-TS/1) SendDespatchNote - Built EDI DN successfully
2024-01-10T10:23:40.5738063+13:00 [DBG] (DropshipGetTickets/MMLAKL-TS/1) SendDespatchNote - EDI DN content:
<?xml version="1.0" encoding="UTF-8"?>
<WMMBID02>
<IDOC BEGIN="1">
<EDI_DC40 SEGMENT="1">
<TABNAM>EDI_DC40</TABNAM>
<MANDT>120</MANDT>
<DOCNUM>0000000092085453</DOCNUM>
<DOCREL>750</DOCREL>
<STATUS>53</STATUS>
<DIRECT>2</DIRECT>
<OUTMOD></OUTMOD>
<IDOCTYP>WMMBID02</IDOCTYP>
<MESTYP>WMMBXY</MESTYP>
<SNDPOR>SAPBRP</SNDPOR>
<SNDPRT>LI</SNDPRT>
<SNDPFC>LF</SNDPFC>
<SNDPRN>0000300276</SNDPRN>
<RCVPOR>SAPBRP</RCVPOR>
<RCVPRT>LS</RCVPRT>
<RCVPRN>BRPCLNT300</RCVPRN>
<CREDAT>20240110</CREDAT>
<CRETIM>102340</CRETIM>
</EDI_DC40>
<E1MBXYH SEGMENT="1">
<BLDAT>20240110</BLDAT>
<BUDAT>20240110</BUDAT>
<XBLNR>20240110102340</XBLNR>
<BKTXT>10</BKTXT>
<FRBNR>MX0009163029</FRBNR>
<TCODE>MB01</TCODE>
<E1MBXYI SEGMENT="1">
<MATNR>000000000001108836</MATNR>
<WERKS>1199</WERKS>
<LGORT>0001</LGORT>
<BWART>101</BWART>
<ERFMG>2.000</ERFMG>
<ERFME>EA</ERFME>
<EBELN>6500117217_0001</EBELN>
<EBELP>00010</EBELP>
<ELIKZ>X</ELIKZ>
<KZBEW>B</KZBEW>
</E1MBXYI>
</E1MBXYH>
</IDOC>
</WMMBID02>

2024-01-10T10:23:40.7241565+13:00 [DBG] (DropshipGetTickets/MMLAKL-TS/1) SendDespatchNote - Save ASN to C:\Dropship\Outbox\DN_PO_Briscoes_MML_6500117217_0001_20240110102340055.xml with content
<ORDERSEXT><IDOC BEGIN="1"><EDI_DC40 SEGMENT="1"><TABNAM>EDI_DC40</TABNAM><MANDT>300</MANDT><DOCNUM>0000000092085453</DOCNUM><DOCREL>702</DOCREL><STATUS>30</STATUS><DIRECT>1</DIRECT><OUTMOD>2</OUTMOD><IDOCTYP>ORDERS05</IDOCTYP><CIMTYP>ORDERSEXT</CIMTYP><MESTYP>ORDERS</MESTYP><STD>E</STD><STDMES>ORDERS</STDMES><SNDPOR>SAPBRP</SNDPOR><SNDPRT>LS</SNDPRT><SNDPRN>BRPCLNT300</SNDPRN><RCVPOR>EDIORDERS</RCVPOR><RCVPRT>LI</RCVPRT><RCVPFC>LF</RCVPFC><RCVPRN>0000300276</RCVPRN><CREDAT>20231218</CREDAT><CRETIM>150123</CRETIM><SERIAL>20231218150123</SERIAL></EDI_DC40><E1EDK01 SEGMENT="1"><KZABS>X</KZABS><CURCY>NZD</CURCY><HWAER>NZD</HWAER><WKURS>1.00000</WKURS><ZTERM>Z002</ZTERM><BSART>ZDSP</BSART><BELNR>6500117217_0001</BELNR><RECIPNT_NO>0000300276</RECIPNT_NO></E1EDK01><E1EDK14 SEGMENT="1"><QUALF>014</QUALF><ORGID>1000</ORGID></E1EDK14><E1EDK14 SEGMENT="1"><QUALF>009</QUALF><ORGID>B04</ORGID></E1EDK14><E1EDK14 SEGMENT="1"><QUALF>013</QUALF><ORGID>640</ORGID></E1EDK14><E1EDK14 SEGMENT="1"><QUALF>011</QUALF><ORGID>CC01</ORGID></E1EDK14><E1EDK03 SEGMENT="1"><IDDAT>012</IDDAT><DATUM>20231218</DATUM></E1EDK03><E1EDK03 SEGMENT="1"><IDDAT>011</IDDAT><DATUM>20231218</DATUM></E1EDK03><E1EDKA1 SEGMENT="1"><PARVW>AG</PARVW><PARTN>14105</PARTN><BNAME>Martin Pauwels</BNAME><PAORG>1000</PAORG><ORGTX>Briscoe Group Ltd</ORGTX><PAGRU>B04</PAGRU><TELF1>09 8450989</TELF1></E1EDKA1><E1EDKA1 SEGMENT="1"><PARVW>LF</PARVW><PARTN>0000300276</PARTN><SPRAS>E</SPRAS><SPRAS_ISO>EN</SPRAS_ISO></E1EDKA1><E1EDKA1 SEGMENT="1"><PARVW>WE</PARVW><LIFNR>1199</LIFNR><NAME1>Maren Seaver</NAME1><STRAS>38B Bruce Avenue</STRAS><ORT01>Wellington</ORT01><PSTLZ>6021</PSTLZ><LAND1>NZ</LAND1><TELF1>0279401846</TELF1><SPRAS>E</SPRAS><ORT02>Brooklyn</ORT02><SPRAS_ISO>EN</SPRAS_ISO></E1EDKA1><E1EDK02 SEGMENT="1"><QUALF>001</QUALF><BELNR>6500117217_0001</BELNR><DATUM>20231218</DATUM><UZEIT>150028</UZEIT></E1EDK02><E1EDP01 SEGMENT="1"><POSEX>00010</POSEX><ACTION>001</ACTION><PSTYP>0</PSTYP><KZABS>X</KZABS><MENGE>2.000</MENGE><MENEE>EA</MENEE><BMNG2>2.000</BMNG2><PMENE>EA</PMENE><VPREI>10.50</VPREI><PEINH>1</PEINH><NETWR>21.00</NETWR><GEWEI>KGM</GEWEI><MATKL>135401805</MATKL><BPUMN>1</BPUMN><BPUMZ>1</BPUMZ><BRGEW>0.20</BRGEW><WERKS>1199</WERKS><LGORT>0001</LGORT><ZE1EDP01 SEGMENT="1"><ATTYP>00</ATTYP><ZDS_NETPR>12.59</ZDS_NETPR><ZDS_NETVAL>25.18</ZDS_NETVAL><ZDS_BSTNK>21807974</ZDS_BSTNK></ZE1EDP01><E1EDP20 SEGMENT="1"><WMENG>2.000</WMENG><AMENG>0.000</AMENG><EDATU>20231227</EDATU></E1EDP20><E1EDP19 SEGMENT="1"><QUALF>002</QUALF><IDTNR>RCBLJ8</IDTNR></E1EDP19><E1EDP19 SEGMENT="1"><QUALF>001</QUALF><IDTNR>000000000001108836</IDTNR><KTEXT>DS Litter Tray Liner RCO WKty Bio Elstcs</KTEXT></E1EDP19><E1EDP19 SEGMENT="1"><QUALF>003</QUALF><IDTNR>9340510012003</IDTNR></E1EDP19><E1EDPT1 SEGMENT="1"><TDID>ZDSH</TDID><TSSPRAS>E</TSSPRAS><TSSPRAS_ISO>EN</TSSPRAS_ISO></E1EDPT1></E1EDP01><E1EDS01 SEGMENT="1"><SUMID>002</SUMID><SUMME>21.00</SUMME><SUNIT>NZD</SUNIT></E1EDS01></IDOC></ORDERSEXT>
2024-01-10T10:23:40.7241565+13:00 [DBG] (DropshipGetTickets/MMLAKL-TS/1) SendDespatchNote - FTP ASN file C:\Dropship\Outbox\DN_PO_Briscoes_MML_6500117217_0001_20240110102340055.xml to host ftp://post.edis.co.nz//ToEDIS
2024-01-10T10:23:41.0922216+13:00 [INF] (DropshipGetTickets/MMLAKL-TS/1) SendDespatchNote - FTP ASN file C:\Dropship\Outbox\DN_PO_Briscoes_MML_6500117217_0001_20240110102340055.xml to host ftp://post.edis.co.nz//ToEDIS succeeded
2024-01-10T10:23:41.0931979+13:00 [DBG] (DropshipGetTickets/MMLAKL-TS/1) SendDespatchNote - ASN file C:\Dropship\Outbox\DN_PO_Briscoes_MML_6500117217_0001_20240110102340055.xml is being moved to success
2024-01-10T10:23:41.0971031+13:00 [INF] (DropshipGetTickets/MMLAKL-TS/1) SendDespatchNote - ASN file C:\Dropship\Outbox\DN_PO_Briscoes_MML_6500117217_0001_20240110102340055.xml moved successfully to success
2024-01-10T10:23:41.2913868+13:00 [DBG] (DropshipGetTickets/MMLAKL-TS/1) SendDespatchNote - Created entry in SQL for EDI DN C:\Dropship\Outbox\success\DN_PO_Briscoes_MML_6500117217_0001_20240110102340055.xml
2024-01-10T10:30:54.2790396+13:00 [INF] (DropshipGetTickets/MMLAKL-TS/1) DropshipGetTickets finished
