2025-06-30T09:02:21.3627745+12:00 [INF] (DropshipGetTickets/MMLAKL-TS/1) DropshipGetTickets started
2025-06-30T09:03:04.5837750+12:00 [DBG] (DropshipGetTickets/MMLAKL-TS/1) btnGetConsignment_Click - Requesting consignment from Aramex API with SOAP body
{"To":{"ContactName":"Mary Bowers","PhoneNumber":"0211494951","Email":"","Reference":"30694836","SpecialInstructions":"","Address":{"StreetAddress":"102 Lincoln Street","Locality":"Ashhurst","StateOrProvince":"","PostalCode":"4810","Country":"NZ"}},"Items":[{"Reference":"30694836","Quantity":1,"PackageType":"P","WeightDead":0.11000000,"WeightCubic":0.043736,"Length":1,"Width":1,"Height":1,"EdiLineNo":""}],"InstructionsPublic":""}
2025-06-30T09:03:05.9987235+12:00 [INF] (DropshipGetTickets/MMLAKL-TS/1) btnGetConsignment_Click - Successfully got consignment 117716558 response
2025-06-30T09:03:06.0055590+12:00 [DBG] (DropshipGetTickets/MMLAKL-TS/1) btnGetConsignment_Click - SOAP response for consignment 117716558 was:
AramexAPI.Data
2025-06-30T09:04:33.3256020+12:00 [INF] (DropshipGetTickets/MMLAKL-TS/1) PrintLabel - succeeded
2025-06-30T09:04:33.8060400+12:00 [INF] (DropshipGetTickets/MMLAKL-TS/1) SendDespatchNote - Built EDI DN successfully
2025-06-30T09:04:33.8060400+12:00 [DBG] (DropshipGetTickets/MMLAKL-TS/1) SendDespatchNote - EDI DN content:
<?xml version="1.0" encoding="UTF-8"?>
<WMMBID02>
<IDOC BEGIN="1">
<EDI_DC40 SEGMENT="1">
<TABNAM>EDI_DC40</TABNAM>
<MANDT>120</MANDT>
<DOCNUM>0000000093561972</DOCNUM>
<DOCREL>750</DOCREL>
<STATUS>53</STATUS>
<DIRECT>2</DIRECT>
<OUTMOD></OUTMOD>
<IDOCTYP>WMMBID02</IDOCTYP>
<MESTYP>WMMBXY</MESTYP>
<SNDPOR>SAPBRP</SNDPOR>
<SNDPRT>LI</SNDPRT>
<SNDPFC>LF</SNDPFC>
<SNDPRN>0000300276</SNDPRN>
<RCVPOR>SAPBRP</RCVPOR>
<RCVPRT>LS</RCVPRT>
<RCVPRN>BRPCLNT300</RCVPRN>
<CREDAT>20250630</CREDAT>
<CRETIM>090433</CRETIM>
</EDI_DC40>
<E1MBXYH SEGMENT="1">
<BLDAT>20250630</BLDAT>
<BUDAT>20250630</BUDAT>
<XBLNR>20250630090433</XBLNR>
<BKTXT>10</BKTXT>
<FRBNR>MX0025542597</FRBNR>
<TCODE>MB01</TCODE>
<E1MBXYI SEGMENT="1">
<MATNR>000000000001106354</MATNR>
<WERKS>1199</WERKS>
<LGORT>0001</LGORT>
<BWART>101</BWART>
<ERFMG>1.000</ERFMG>
<ERFME>EA</ERFME>
<EBELN>6500301488_0001</EBELN>
<EBELP>00010</EBELP>
<ELIKZ>X</ELIKZ>
<KZBEW>B</KZBEW>
</E1MBXYI>
</E1MBXYH>
</IDOC>
</WMMBID02>

2025-06-30T09:04:33.9583740+12:00 [DBG] (DropshipGetTickets/MMLAKL-TS/1) SendDespatchNote - Save ASN to C:\Dropship\Outbox\DN_PO_Briscoes_MML_6500301488_0001_20250630090433367.xml with content
<ORDERSEXT><IDOC BEGIN="1"><EDI_DC40 SEGMENT="1"><TABNAM>EDI_DC40</TABNAM><MANDT>300</MANDT><DOCNUM>0000000093561972</DOCNUM><DOCREL>702</DOCREL><STATUS>30</STATUS><DIRECT>1</DIRECT><OUTMOD>2</OUTMOD><IDOCTYP>ORDERS05</IDOCTYP><CIMTYP>ORDERSEXT</CIMTYP><MESTYP>ORDERS</MESTYP><STD>E</STD><STDMES>ORDERS</STDMES><SNDPOR>SAPBRP</SNDPOR><SNDPRT>LS</SNDPRT><SNDPRN>BRPCLNT300</SNDPRN><RCVPOR>EDIORDERS</RCVPOR><RCVPRT>LI</RCVPRT><RCVPFC>LF</RCVPFC><RCVPRN>0000300276</RCVPRN><CREDAT>20250625</CREDAT><CRETIM>080102</CRETIM><SERIAL>20250625080102</SERIAL></EDI_DC40><E1EDK01 SEGMENT="1"><KZABS>X</KZABS><CURCY>NZD</CURCY><HWAER>NZD</HWAER><WKURS>1.00000</WKURS><ZTERM>Z002</ZTERM><BSART>ZDSP</BSART><BELNR>6500301488_0001</BELNR><RECIPNT_NO>0000300276</RECIPNT_NO></E1EDK01><E1EDK14 SEGMENT="1"><QUALF>014</QUALF><ORGID>1000</ORGID></E1EDK14><E1EDK14 SEGMENT="1"><QUALF>009</QUALF><ORGID>B03</ORGID></E1EDK14><E1EDK14 SEGMENT="1"><QUALF>013</QUALF><ORGID>640</ORGID></E1EDK14><E1EDK14 SEGMENT="1"><QUALF>011</QUALF><ORGID>CC01</ORGID></E1EDK14><E1EDK03 SEGMENT="1"><IDDAT>012</IDDAT><DATUM>20250625</DATUM></E1EDK03><E1EDK03 SEGMENT="1"><IDDAT>011</IDDAT><DATUM>20250625</DATUM></E1EDK03><E1EDKA1 SEGMENT="1"><PARVW>AG</PARVW><PARTN>14105</PARTN><BNAME>Trish McGinty</BNAME><PAORG>1000</PAORG><ORGTX>Briscoe Group Ltd</ORGTX><PAGRU>B03</PAGRU><TELF1>09 8153731</TELF1></E1EDKA1><E1EDKA1 SEGMENT="1"><PARVW>LF</PARVW><PARTN>0000300276</PARTN><SPRAS>E</SPRAS><SPRAS_ISO>EN</SPRAS_ISO></E1EDKA1><E1EDKA1 SEGMENT="1"><PARVW>WE</PARVW><LIFNR>1199</LIFNR><NAME1>Mary Bowers</NAME1><STRAS>102 Lincoln Street</STRAS><ORT01>Ashhurst</ORT01><PSTLZ>4810</PSTLZ><LAND1>NZ</LAND1><TELF1>0211494951</TELF1><SPRAS>E</SPRAS><ORT02>Ashhurst</ORT02><SPRAS_ISO>EN</SPRAS_ISO></E1EDKA1><E1EDK02 SEGMENT="1"><QUALF>001</QUALF><BELNR>6500301488_0001</BELNR><DATUM>20250625</DATUM><UZEIT>080008</UZEIT></E1EDK02><E1EDP01 SEGMENT="1"><POSEX>00010</POSEX><ACTION>001</ACTION><PSTYP>0</PSTYP><KZABS>X</KZABS><MENGE>1.000</MENGE><MENEE>EA</MENEE><BMNG2>1.000</BMNG2><PMENE>EA</PMENE><VPREI>7.00</VPREI><PEINH>1</PEINH><NETWR>7.00</NETWR><GEWEI>KGM</GEWEI><MATKL>115059925</MATKL><BPUMN>1</BPUMN><BPUMZ>1</BPUMZ><BRGEW /><WERKS>1199</WERKS><LGORT>0001</LGORT><ZE1EDP01 SEGMENT="1"><ATTYP>00</ATTYP><ZDS_NETPR>19.99</ZDS_NETPR><ZDS_NETVAL>19.99</ZDS_NETVAL><ZDS_BSTNK>30694836</ZDS_BSTNK></ZE1EDP01><E1EDP20 SEGMENT="1"><WMENG>1.000</WMENG><AMENG>0.000</AMENG><EDATU>20250630</EDATU></E1EDP20><E1EDP19 SEGMENT="1"><QUALF>002</QUALF><IDTNR>RCCCDTMUL</IDTNR></E1EDP19><E1EDP19 SEGMENT="1"><QUALF>001</QUALF><IDTNR>000000000001106354</IDTNR><KTEXT>DS Dog Toy RCO Clean &amp; Chew Dental Mint</KTEXT></E1EDP19><E1EDP19 SEGMENT="1"><QUALF>003</QUALF><IDTNR>2050003314206</IDTNR></E1EDP19><E1EDPT1 SEGMENT="1"><TDID>ZDSH</TDID><TSSPRAS>E</TSSPRAS><TSSPRAS_ISO>EN</TSSPRAS_ISO></E1EDPT1></E1EDP01><E1EDS01 SEGMENT="1"><SUMID>002</SUMID><SUMME>7.00</SUMME><SUNIT>NZD</SUNIT></E1EDS01></IDOC></ORDERSEXT>
2025-06-30T09:04:33.9603270+12:00 [DBG] (DropshipGetTickets/MMLAKL-TS/1) SendDespatchNote - FTP ASN file C:\Dropship\Outbox\DN_PO_Briscoes_MML_6500301488_0001_20250630090433367.xml to host ftp://post.edis.co.nz//ToEDIS
2025-06-30T09:04:34.3440915+12:00 [INF] (DropshipGetTickets/MMLAKL-TS/1) SendDespatchNote - FTP ASN file C:\Dropship\Outbox\DN_PO_Briscoes_MML_6500301488_0001_20250630090433367.xml to host ftp://post.edis.co.nz//ToEDIS succeeded
2025-06-30T09:04:34.3450680+12:00 [DBG] (DropshipGetTickets/MMLAKL-TS/1) SendDespatchNote - ASN file C:\Dropship\Outbox\DN_PO_Briscoes_MML_6500301488_0001_20250630090433367.xml is being moved to success
2025-06-30T09:04:34.3528800+12:00 [INF] (DropshipGetTickets/MMLAKL-TS/1) SendDespatchNote - ASN file C:\Dropship\Outbox\DN_PO_Briscoes_MML_6500301488_0001_20250630090433367.xml moved successfully to success
2025-06-30T09:04:34.5393915+12:00 [DBG] (DropshipGetTickets/MMLAKL-TS/1) SendDespatchNote - Created entry in SQL for EDI DN C:\Dropship\Outbox\success\DN_PO_Briscoes_MML_6500301488_0001_20250630090433367.xml
2025-06-30T11:01:55.3988120+12:00 [FTL] (DropshipGetTickets/MMLAKL-TS/1) OrderPickStatus failed to initialise odoo object
2025-06-30T20:04:54.9828180+12:00 [FTL] (DropshipGetTickets/MMLAKL-TS/1) GetDropship_Orders failed to initialise odoo object
2025-06-30T22:13:11.6690000+12:00 [FTL] (DropshipGetTickets/MMLAKL-TS/1) OrderPickStatus failed to initialise odoo object
