2025-07-14T11:35:55.9328958+12:00 [INF] (DropshipGetTickets/MMLAKL-TS/1) DropshipGetTickets started
2025-07-14T11:37:21.0206131+12:00 [DBG] (DropshipGetTickets/MMLAKL-TS/1) btnGetConsignment_Click - Requesting consignment from Aramex API with SOAP body
{"To":{"ContactName":"Anna Martyn","PhoneNumber":"0275712204","Email":"","Reference":"30976625","SpecialInstructions":"Ph or  text prior to delivery 0275712204","Address":{"StreetAddress":"219B Casement Road","Locality":"Whangamata","StateOrProvince":"","PostalCode":"3620","Country":"NZ"}},"Items":[{"Reference":"30976625","Quantity":1,"PackageType":"P","WeightDead":0.11000000,"WeightCubic":0.043736,"Length":1,"Width":1,"Height":1,"EdiLineNo":""}],"InstructionsPublic":"Ph or  text prior to delivery 0275712204"}
2025-07-14T11:37:22.2903231+12:00 [INF] (DropshipGetTickets/MMLAKL-TS/1) btnGetConsignment_Click - Successfully got consignment 119288986 response
2025-07-14T11:37:22.2971600+12:00 [DBG] (DropshipGetTickets/MMLAKL-TS/1) btnGetConsignment_Click - SOAP response for consignment 119288986 was:
AramexAPI.Data
2025-07-14T11:37:00.6301532+12:00 [INF] (DropshipGetTickets/MMLAKL-TS/1) PrintLabel - succeeded
2025-07-14T11:37:33.0667480+12:00 [INF] (DropshipGetTickets/MMLAKL-TS/1) SendDespatchNote - Built EDI DN successfully
2025-07-14T11:37:33.0667480+12:00 [DBG] (DropshipGetTickets/MMLAKL-TS/1) SendDespatchNote - EDI DN content:
<?xml version="1.0" encoding="UTF-8"?>
<WMMBID02>
<IDOC BEGIN="1">
<EDI_DC40 SEGMENT="1">
<TABNAM>EDI_DC40</TABNAM>
<MANDT>120</MANDT>
<DOCNUM>0000000093600744</DOCNUM>
<DOCREL>750</DOCREL>
<STATUS>53</STATUS>
<DIRECT>2</DIRECT>
<OUTMOD></OUTMOD>
<IDOCTYP>WMMBID02</IDOCTYP>
<MESTYP>WMMBXY</MESTYP>
<SNDPOR>SAPBRP</SNDPOR>
<SNDPRT>LI</SNDPRT>
<SNDPFC>LF</SNDPFC>
<SNDPRN>0000300276</SNDPRN>
<RCVPOR>SAPBRP</RCVPOR>
<RCVPRT>LS</RCVPRT>
<RCVPRN>BRPCLNT300</RCVPRN>
<CREDAT>20250714</CREDAT>
<CRETIM>113732</CRETIM>
</EDI_DC40>
<E1MBXYH SEGMENT="1">
<BLDAT>20250714</BLDAT>
<BUDAT>20250714</BUDAT>
<XBLNR>20250714113732</XBLNR>
<BKTXT>10</BKTXT>
<FRBNR>MX0025994465</FRBNR>
<TCODE>MB01</TCODE>
<E1MBXYI SEGMENT="1">
<MATNR>000000000001106354</MATNR>
<WERKS>1199</WERKS>
<LGORT>0001</LGORT>
<BWART>101</BWART>
<ERFMG>1.000</ERFMG>
<ERFME>EA</ERFME>
<EBELN>6500305794_0001</EBELN>
<EBELP>00010</EBELP>
<ELIKZ>X</ELIKZ>
<KZBEW>B</KZBEW>
</E1MBXYI>
</E1MBXYH>
</IDOC>
</WMMBID02>

2025-07-14T11:37:33.2308336+12:00 [DBG] (DropshipGetTickets/MMLAKL-TS/1) SendDespatchNote - Save ASN to C:\Dropship\Outbox\DN_PO_Briscoes_MML_6500305794_0001_20250714113732647.xml with content
<ORDERSEXT><IDOC BEGIN="1"><EDI_DC40 SEGMENT="1"><TABNAM>EDI_DC40</TABNAM><MANDT>300</MANDT><DOCNUM>0000000093600744</DOCNUM><DOCREL>702</DOCREL><STATUS>30</STATUS><DIRECT>1</DIRECT><OUTMOD>2</OUTMOD><IDOCTYP>ORDERS05</IDOCTYP><CIMTYP>ORDERSEXT</CIMTYP><MESTYP>ORDERS</MESTYP><STD>E</STD><STDMES>ORDERS</STDMES><SNDPOR>SAPBRP</SNDPOR><SNDPRT>LS</SNDPRT><SNDPRN>BRPCLNT300</SNDPRN><RCVPOR>EDIORDERS</RCVPOR><RCVPRT>LI</RCVPRT><RCVPFC>LF</RCVPFC><RCVPRN>0000300276</RCVPRN><CREDAT>20250713</CREDAT><CRETIM>211621</CRETIM><SERIAL>20250713211621</SERIAL></EDI_DC40><E1EDK01 SEGMENT="1"><KZABS>X</KZABS><CURCY>NZD</CURCY><HWAER>NZD</HWAER><WKURS>1.00000</WKURS><ZTERM>Z002</ZTERM><BSART>ZDSP</BSART><BELNR>6500305794_0001</BELNR><RECIPNT_NO>0000300276</RECIPNT_NO></E1EDK01><E1EDK14 SEGMENT="1"><QUALF>014</QUALF><ORGID>1000</ORGID></E1EDK14><E1EDK14 SEGMENT="1"><QUALF>009</QUALF><ORGID>B03</ORGID></E1EDK14><E1EDK14 SEGMENT="1"><QUALF>013</QUALF><ORGID>640</ORGID></E1EDK14><E1EDK14 SEGMENT="1"><QUALF>011</QUALF><ORGID>CC01</ORGID></E1EDK14><E1EDK03 SEGMENT="1"><IDDAT>012</IDDAT><DATUM>20250713</DATUM></E1EDK03><E1EDK03 SEGMENT="1"><IDDAT>011</IDDAT><DATUM>20250713</DATUM></E1EDK03><E1EDKA1 SEGMENT="1"><PARVW>AG</PARVW><PARTN>14105</PARTN><BNAME>Trish McGinty</BNAME><PAORG>1000</PAORG><ORGTX>Briscoe Group Ltd</ORGTX><PAGRU>B03</PAGRU><TELF1>09 8153731</TELF1></E1EDKA1><E1EDKA1 SEGMENT="1"><PARVW>LF</PARVW><PARTN>0000300276</PARTN><SPRAS>E</SPRAS><SPRAS_ISO>EN</SPRAS_ISO></E1EDKA1><E1EDKA1 SEGMENT="1"><PARVW>WE</PARVW><LIFNR>1199</LIFNR><NAME1>Anna Martyn</NAME1><STRAS>219B Casement Road</STRAS><ORT01>Whangamata</ORT01><PSTLZ>3620</PSTLZ><LAND1>NZ</LAND1><TELF1>0275712204</TELF1><SPRAS>E</SPRAS><ORT02>Whangamata</ORT02><SPRAS_ISO>EN</SPRAS_ISO></E1EDKA1><E1EDK02 SEGMENT="1"><QUALF>001</QUALF><BELNR>6500305794_0001</BELNR><DATUM>20250713</DATUM><UZEIT>211516</UZEIT></E1EDK02><E1EDP01 SEGMENT="1"><POSEX>00010</POSEX><ACTION>001</ACTION><PSTYP>0</PSTYP><KZABS>X</KZABS><MENGE>1.000</MENGE><MENEE>EA</MENEE><BMNG2>1.000</BMNG2><PMENE>EA</PMENE><VPREI>7.00</VPREI><PEINH>1</PEINH><NETWR>7.00</NETWR><GEWEI>KGM</GEWEI><MATKL>115059925</MATKL><BPUMN>1</BPUMN><BPUMZ>1</BPUMZ><BRGEW /><WERKS>1199</WERKS><LGORT>0001</LGORT><ZE1EDP01 SEGMENT="1"><ATTYP>00</ATTYP><ZDS_NETPR>15.99</ZDS_NETPR><ZDS_NETVAL>15.99</ZDS_NETVAL><ZDS_BSTNK>30976625</ZDS_BSTNK></ZE1EDP01><E1EDP20 SEGMENT="1"><WMENG>1.000</WMENG><AMENG>0.000</AMENG><EDATU>20250721</EDATU></E1EDP20><E1EDP19 SEGMENT="1"><QUALF>002</QUALF><IDTNR>RCCCDTMUL</IDTNR></E1EDP19><E1EDP19 SEGMENT="1"><QUALF>001</QUALF><IDTNR>000000000001106354</IDTNR><KTEXT>DS Dog Toy RCO Clean &amp; Chew Dental Mint</KTEXT></E1EDP19><E1EDP19 SEGMENT="1"><QUALF>003</QUALF><IDTNR>2050003314206</IDTNR></E1EDP19><E1EDPT1 SEGMENT="1"><TDID>ZDSH</TDID><TSSPRAS>E</TSSPRAS><TSSPRAS_ISO>EN</TSSPRAS_ISO><E1EDPT2 SEGMENT="1"><TDLINE>Ph or  text prior to delivery 0275712204</TDLINE></E1EDPT2></E1EDPT1></E1EDP01><E1EDS01 SEGMENT="1"><SUMID>002</SUMID><SUMME>7.00</SUMME><SUNIT>NZD</SUNIT></E1EDS01></IDOC></ORDERSEXT>
2025-07-14T11:37:33.2337637+12:00 [DBG] (DropshipGetTickets/MMLAKL-TS/1) SendDespatchNote - FTP ASN file C:\Dropship\Outbox\DN_PO_Briscoes_MML_6500305794_0001_20250714113732647.xml to host ftp://post.edis.co.nz//ToEDIS
2025-07-14T11:37:33.5795155+12:00 [INF] (DropshipGetTickets/MMLAKL-TS/1) SendDespatchNote - FTP ASN file C:\Dropship\Outbox\DN_PO_Briscoes_MML_6500305794_0001_20250714113732647.xml to host ftp://post.edis.co.nz//ToEDIS succeeded
2025-07-14T11:37:33.5804922+12:00 [DBG] (DropshipGetTickets/MMLAKL-TS/1) SendDespatchNote - ASN file C:\Dropship\Outbox\DN_PO_Briscoes_MML_6500305794_0001_20250714113732647.xml is being moved to success
2025-07-14T11:37:33.5873291+12:00 [INF] (DropshipGetTickets/MMLAKL-TS/1) SendDespatchNote - ASN file C:\Dropship\Outbox\DN_PO_Briscoes_MML_6500305794_0001_20250714113732647.xml moved successfully to success
2025-07-14T11:37:33.7582516+12:00 [DBG] (DropshipGetTickets/MMLAKL-TS/1) SendDespatchNote - Created entry in SQL for EDI DN C:\Dropship\Outbox\success\DN_PO_Briscoes_MML_6500305794_0001_20250714113732647.xml
2025-07-14T11:38:03.4652901+12:00 [DBG] (DropshipGetTickets/MMLAKL-TS/1) btnGetConsignment_Click - Requesting consignment from Aramex API with SOAP body
{"To":{"ContactName":"Anna Martyn","PhoneNumber":"0275712204","Email":"","Reference":"30976625","SpecialInstructions":"Ph or  text prior to delivery 0275712204","Address":{"StreetAddress":"219B Casement Road","Locality":"Whangamata","StateOrProvince":"","PostalCode":"3620","Country":"NZ"}},"Items":[{"Reference":"30976625","Quantity":1,"PackageType":"P","WeightDead":0.11000000,"WeightCubic":0.043736,"Length":1,"Width":1,"Height":1,"EdiLineNo":""}],"InstructionsPublic":"Ph or  text prior to delivery 0275712204"}
2025-07-14T11:38:03.7241156+12:00 [INF] (DropshipGetTickets/MMLAKL-TS/1) btnGetConsignment_Click - Successfully got consignment 119289116 response
2025-07-14T11:38:03.7241156+12:00 [DBG] (DropshipGetTickets/MMLAKL-TS/1) btnGetConsignment_Click - SOAP response for consignment 119289116 was:
AramexAPI.Data
2025-07-14T11:38:13.4315369+12:00 [INF] (DropshipGetTickets/MMLAKL-TS/1) PrintLabel - succeeded
2025-07-14T11:38:13.4364204+12:00 [INF] (DropshipGetTickets/MMLAKL-TS/1) SendDespatchNote - Built EDI DN successfully
2025-07-14T11:38:13.4364204+12:00 [DBG] (DropshipGetTickets/MMLAKL-TS/1) SendDespatchNote - EDI DN content:
<?xml version="1.0" encoding="UTF-8"?>
<WMMBID02>
<IDOC BEGIN="1">
<EDI_DC40 SEGMENT="1">
<TABNAM>EDI_DC40</TABNAM>
<MANDT>120</MANDT>
<DOCNUM>0000000093600744</DOCNUM>
<DOCREL>750</DOCREL>
<STATUS>53</STATUS>
<DIRECT>2</DIRECT>
<OUTMOD></OUTMOD>
<IDOCTYP>WMMBID02</IDOCTYP>
<MESTYP>WMMBXY</MESTYP>
<SNDPOR>SAPBRP</SNDPOR>
<SNDPRT>LI</SNDPRT>
<SNDPFC>LF</SNDPFC>
<SNDPRN>0000300276</SNDPRN>
<RCVPOR>SAPBRP</RCVPOR>
<RCVPRT>LS</RCVPRT>
<RCVPRN>BRPCLNT300</RCVPRN>
<CREDAT>20250714</CREDAT>
<CRETIM>113813</CRETIM>
</EDI_DC40>
<E1MBXYH SEGMENT="1">
<BLDAT>20250714</BLDAT>
<BUDAT>20250714</BUDAT>
<XBLNR>20250714113813</XBLNR>
<BKTXT>10</BKTXT>
<FRBNR>MX0025994511</FRBNR>
<TCODE>MB01</TCODE>
<E1MBXYI SEGMENT="1">
<MATNR>000000000001106354</MATNR>
<WERKS>1199</WERKS>
<LGORT>0001</LGORT>
<BWART>101</BWART>
<ERFMG>1.000</ERFMG>
<ERFME>EA</ERFME>
<EBELN>6500305794_0001</EBELN>
<EBELP>00010</EBELP>
<ELIKZ>X</ELIKZ>
<KZBEW>B</KZBEW>
</E1MBXYI>
</E1MBXYH>
</IDOC>
</WMMBID02>

2025-07-14T11:38:13.5995293+12:00 [DBG] (DropshipGetTickets/MMLAKL-TS/1) SendDespatchNote - Save ASN to C:\Dropship\Outbox\DN_PO_Briscoes_MML_6500305794_0001_20250714113813434.xml with content
<ORDERSEXT><IDOC BEGIN="1"><EDI_DC40 SEGMENT="1"><TABNAM>EDI_DC40</TABNAM><MANDT>300</MANDT><DOCNUM>0000000093600744</DOCNUM><DOCREL>702</DOCREL><STATUS>30</STATUS><DIRECT>1</DIRECT><OUTMOD>2</OUTMOD><IDOCTYP>ORDERS05</IDOCTYP><CIMTYP>ORDERSEXT</CIMTYP><MESTYP>ORDERS</MESTYP><STD>E</STD><STDMES>ORDERS</STDMES><SNDPOR>SAPBRP</SNDPOR><SNDPRT>LS</SNDPRT><SNDPRN>BRPCLNT300</SNDPRN><RCVPOR>EDIORDERS</RCVPOR><RCVPRT>LI</RCVPRT><RCVPFC>LF</RCVPFC><RCVPRN>0000300276</RCVPRN><CREDAT>20250713</CREDAT><CRETIM>211621</CRETIM><SERIAL>20250713211621</SERIAL></EDI_DC40><E1EDK01 SEGMENT="1"><KZABS>X</KZABS><CURCY>NZD</CURCY><HWAER>NZD</HWAER><WKURS>1.00000</WKURS><ZTERM>Z002</ZTERM><BSART>ZDSP</BSART><BELNR>6500305794_0001</BELNR><RECIPNT_NO>0000300276</RECIPNT_NO></E1EDK01><E1EDK14 SEGMENT="1"><QUALF>014</QUALF><ORGID>1000</ORGID></E1EDK14><E1EDK14 SEGMENT="1"><QUALF>009</QUALF><ORGID>B03</ORGID></E1EDK14><E1EDK14 SEGMENT="1"><QUALF>013</QUALF><ORGID>640</ORGID></E1EDK14><E1EDK14 SEGMENT="1"><QUALF>011</QUALF><ORGID>CC01</ORGID></E1EDK14><E1EDK03 SEGMENT="1"><IDDAT>012</IDDAT><DATUM>20250713</DATUM></E1EDK03><E1EDK03 SEGMENT="1"><IDDAT>011</IDDAT><DATUM>20250713</DATUM></E1EDK03><E1EDKA1 SEGMENT="1"><PARVW>AG</PARVW><PARTN>14105</PARTN><BNAME>Trish McGinty</BNAME><PAORG>1000</PAORG><ORGTX>Briscoe Group Ltd</ORGTX><PAGRU>B03</PAGRU><TELF1>09 8153731</TELF1></E1EDKA1><E1EDKA1 SEGMENT="1"><PARVW>LF</PARVW><PARTN>0000300276</PARTN><SPRAS>E</SPRAS><SPRAS_ISO>EN</SPRAS_ISO></E1EDKA1><E1EDKA1 SEGMENT="1"><PARVW>WE</PARVW><LIFNR>1199</LIFNR><NAME1>Anna Martyn</NAME1><STRAS>219B Casement Road</STRAS><ORT01>Whangamata</ORT01><PSTLZ>3620</PSTLZ><LAND1>NZ</LAND1><TELF1>0275712204</TELF1><SPRAS>E</SPRAS><ORT02>Whangamata</ORT02><SPRAS_ISO>EN</SPRAS_ISO></E1EDKA1><E1EDK02 SEGMENT="1"><QUALF>001</QUALF><BELNR>6500305794_0001</BELNR><DATUM>20250713</DATUM><UZEIT>211516</UZEIT></E1EDK02><E1EDP01 SEGMENT="1"><POSEX>00010</POSEX><ACTION>001</ACTION><PSTYP>0</PSTYP><KZABS>X</KZABS><MENGE>1.000</MENGE><MENEE>EA</MENEE><BMNG2>1.000</BMNG2><PMENE>EA</PMENE><VPREI>7.00</VPREI><PEINH>1</PEINH><NETWR>7.00</NETWR><GEWEI>KGM</GEWEI><MATKL>115059925</MATKL><BPUMN>1</BPUMN><BPUMZ>1</BPUMZ><BRGEW /><WERKS>1199</WERKS><LGORT>0001</LGORT><ZE1EDP01 SEGMENT="1"><ATTYP>00</ATTYP><ZDS_NETPR>15.99</ZDS_NETPR><ZDS_NETVAL>15.99</ZDS_NETVAL><ZDS_BSTNK>30976625</ZDS_BSTNK></ZE1EDP01><E1EDP20 SEGMENT="1"><WMENG>1.000</WMENG><AMENG>0.000</AMENG><EDATU>20250721</EDATU></E1EDP20><E1EDP19 SEGMENT="1"><QUALF>002</QUALF><IDTNR>RCCCDTMUL</IDTNR></E1EDP19><E1EDP19 SEGMENT="1"><QUALF>001</QUALF><IDTNR>000000000001106354</IDTNR><KTEXT>DS Dog Toy RCO Clean &amp; Chew Dental Mint</KTEXT></E1EDP19><E1EDP19 SEGMENT="1"><QUALF>003</QUALF><IDTNR>2050003314206</IDTNR></E1EDP19><E1EDPT1 SEGMENT="1"><TDID>ZDSH</TDID><TSSPRAS>E</TSSPRAS><TSSPRAS_ISO>EN</TSSPRAS_ISO><E1EDPT2 SEGMENT="1"><TDLINE>Ph or  text prior to delivery 0275712204</TDLINE></E1EDPT2></E1EDPT1></E1EDP01><E1EDS01 SEGMENT="1"><SUMID>002</SUMID><SUMME>7.00</SUMME><SUNIT>NZD</SUNIT></E1EDS01></IDOC></ORDERSEXT>
2025-07-14T11:38:13.6005060+12:00 [DBG] (DropshipGetTickets/MMLAKL-TS/1) SendDespatchNote - FTP ASN file C:\Dropship\Outbox\DN_PO_Briscoes_MML_6500305794_0001_20250714113813434.xml to host ftp://post.edis.co.nz//ToEDIS
2025-07-14T11:38:13.7372440+12:00 [INF] (DropshipGetTickets/MMLAKL-TS/1) SendDespatchNote - FTP ASN file C:\Dropship\Outbox\DN_PO_Briscoes_MML_6500305794_0001_20250714113813434.xml to host ftp://post.edis.co.nz//ToEDIS succeeded
2025-07-14T11:38:13.7372440+12:00 [DBG] (DropshipGetTickets/MMLAKL-TS/1) SendDespatchNote - ASN file C:\Dropship\Outbox\DN_PO_Briscoes_MML_6500305794_0001_20250714113813434.xml is being moved to success
2025-07-14T11:38:13.7391974+12:00 [INF] (DropshipGetTickets/MMLAKL-TS/1) SendDespatchNote - ASN file C:\Dropship\Outbox\DN_PO_Briscoes_MML_6500305794_0001_20250714113813434.xml moved successfully to success
2025-07-14T11:38:13.7626382+12:00 [DBG] (DropshipGetTickets/MMLAKL-TS/1) SendDespatchNote - Created entry in SQL for EDI DN C:\Dropship\Outbox\success\DN_PO_Briscoes_MML_6500305794_0001_20250714113813434.xml
2025-07-14T11:38:50.8331623+12:00 [INF] (DropshipGetTickets/MMLAKL-TS/1) DropshipGetTickets finished
2025-07-14T11:38:52.1644044+12:00 [INF] (DropshipGetTickets/MMLAKL-TS/1) DropshipGetTickets started
2025-07-14T11:40:15.9301651+12:00 [DBG] (DropshipGetTickets/MMLAKL-TS/1) btnGetConsignment_Click - Requesting consignment from Aramex API with SOAP body
{"To":{"ContactName":"Danielle Robinson","PhoneNumber":"0279644362","Email":"","Reference":"30975154","SpecialInstructions":"Place in place cupboard inside gate under letter box","Address":{"StreetAddress":"20 Victoria Street, Carterton 5713","Locality":"Carterton","StateOrProvince":"","PostalCode":"5713","Country":"NZ"}},"Items":[{"Reference":"30975154","Quantity":1,"PackageType":"P","WeightDead":0,"WeightCubic":0,"Length":1,"Width":1,"Height":1,"EdiLineNo":""},{"Reference":"30975154","Quantity":2,"PackageType":"P","WeightDead":0,"WeightCubic":0,"Length":1,"Width":1,"Height":1,"EdiLineNo":""}],"InstructionsPublic":"Place in place cupboard inside gate under letter box"}
2025-07-14T11:39:45.3184333+12:00 [ERR] (DropshipGetTickets/MMLAKL-TS/1) GetConsignmentTicket: Error occured during a POST on https://api.myfastway.co.nz/api/consignments 
 with status 400 BadRequest - Request failed with status code BadRequest
	VAL_RANGE - 'WeightDead' is not valid.
	VAL_RANGE - 'WeightDead' is not valid.

2025-07-14T11:40:19.9246443+12:00 [WRN] (DropshipGetTickets/MMLAKL-TS/1) btnGetConsignment_Click - Failed to get consignment with error
GetConsignmentTicket: Error occured during a POST on https://api.myfastway.co.nz/api/consignments 
 with status 400 BadRequest - Request failed with status code BadRequest
	VAL_RANGE - 'WeightDead' is not valid.
	VAL_RANGE - 'WeightDead' is not valid.

2025-07-14T11:40:52.1539298+12:00 [DBG] (DropshipGetTickets/MMLAKL-TS/1) btnGetConsignment_Click - Requesting consignment from Aramex API with SOAP body
{"To":{"ContactName":"Danielle Robinson","PhoneNumber":"0279644362","Email":"","Reference":"30975154","SpecialInstructions":"Place in place cupboard inside gate under letter box","Address":{"StreetAddress":"20 Victoria Street, Carterton 5713","Locality":"Carterton","StateOrProvince":"","PostalCode":"5713","Country":"NZ"}},"Items":[{"Reference":"30975154","Quantity":1,"PackageType":"P","WeightDead":0,"WeightCubic":5,"Length":5,"Width":5,"Height":5,"EdiLineNo":""},{"Reference":"30975154","Quantity":2,"PackageType":"P","WeightDead":0,"WeightCubic":5,"Length":5,"Width":5,"Height":5,"EdiLineNo":""}],"InstructionsPublic":"Place in place cupboard inside gate under letter box"}
2025-07-14T11:40:52.2711308+12:00 [ERR] (DropshipGetTickets/MMLAKL-TS/1) GetConsignmentTicket: Error occured during a POST on https://api.myfastway.co.nz/api/consignments 
 with status 400 BadRequest - Request failed with status code BadRequest
	VAL_RANGE - 'WeightDead' is not valid.
	VAL_RANGE - 'WeightDead' is not valid.

2025-07-14T11:40:54.0955597+12:00 [WRN] (DropshipGetTickets/MMLAKL-TS/1) btnGetConsignment_Click - Failed to get consignment with error
GetConsignmentTicket: Error occured during a POST on https://api.myfastway.co.nz/api/consignments 
 with status 400 BadRequest - Request failed with status code BadRequest
	VAL_RANGE - 'WeightDead' is not valid.
	VAL_RANGE - 'WeightDead' is not valid.

2025-07-14T11:41:00.4400405+12:00 [DBG] (DropshipGetTickets/MMLAKL-TS/1) btnGetConsignment_Click - Requesting consignment from Aramex API with SOAP body
{"To":{"ContactName":"Danielle Robinson","PhoneNumber":"0279644362","Email":"","Reference":"30975154","SpecialInstructions":"Place in place cupboard inside gate under letter box","Address":{"StreetAddress":"20 Victoria Street, Carterton 5713","Locality":"Carterton","StateOrProvince":"","PostalCode":"5713","Country":"NZ"}},"Items":[{"Reference":"30975154","Quantity":1,"PackageType":"P","WeightDead":5,"WeightCubic":5,"Length":5,"Width":5,"Height":5,"EdiLineNo":""},{"Reference":"30975154","Quantity":2,"PackageType":"P","WeightDead":5,"WeightCubic":5,"Length":5,"Width":5,"Height":5,"EdiLineNo":""}],"InstructionsPublic":"Place in place cupboard inside gate under letter box"}
2025-07-14T11:41:00.9635383+12:00 [INF] (DropshipGetTickets/MMLAKL-TS/1) btnGetConsignment_Click - Successfully got consignment 119289772 response
2025-07-14T11:41:00.9713517+12:00 [DBG] (DropshipGetTickets/MMLAKL-TS/1) btnGetConsignment_Click - SOAP response for consignment 119289772 was:
AramexAPI.Data
2025-07-14T11:41:15.6847426+12:00 [INF] (DropshipGetTickets/MMLAKL-TS/1) PrintLabel - succeeded
2025-07-14T11:41:16.1652544+12:00 [INF] (DropshipGetTickets/MMLAKL-TS/1) SendDespatchNote - Built EDI DN successfully
2025-07-14T11:41:16.1652544+12:00 [DBG] (DropshipGetTickets/MMLAKL-TS/1) SendDespatchNote - EDI DN content:
<?xml version="1.0" encoding="UTF-8"?>
<WMMBID02>
<IDOC BEGIN="1">
<EDI_DC40 SEGMENT="1">
<TABNAM>EDI_DC40</TABNAM>
<MANDT>120</MANDT>
<DOCNUM>0000000093600681</DOCNUM>
<DOCREL>750</DOCREL>
<STATUS>53</STATUS>
<DIRECT>2</DIRECT>
<OUTMOD></OUTMOD>
<IDOCTYP>WMMBID02</IDOCTYP>
<MESTYP>WMMBXY</MESTYP>
<SNDPOR>SAPBRP</SNDPOR>
<SNDPRT>LI</SNDPRT>
<SNDPFC>LF</SNDPFC>
<SNDPRN>0000300276</SNDPRN>
<RCVPOR>SAPBRP</RCVPOR>
<RCVPRT>LS</RCVPRT>
<RCVPRN>BRPCLNT300</RCVPRN>
<CREDAT>20250714</CREDAT>
<CRETIM>114115</CRETIM>
</EDI_DC40>
<E1MBXYH SEGMENT="1">
<BLDAT>20250714</BLDAT>
<BUDAT>20250714</BUDAT>
<XBLNR>20250714114115</XBLNR>
<BKTXT>10</BKTXT>
<FRBNR>MX0025994724</FRBNR>
<TCODE>MB01</TCODE>
<E1MBXYI SEGMENT="1">
<MATNR>000000000001119606</MATNR>
<WERKS>1199</WERKS>
<LGORT>0001</LGORT>
<BWART>101</BWART>
<ERFMG>1.000</ERFMG>
<ERFME>EA</ERFME>
<EBELN>6500305760_0001</EBELN>
<EBELP>00010</EBELP>
<ELIKZ>X</ELIKZ>
<KZBEW>B</KZBEW>
</E1MBXYI>
<E1MBXYI SEGMENT="1">
<MATNR>000000000001119598</MATNR>
<WERKS>1199</WERKS>
<LGORT>0001</LGORT>
<BWART>101</BWART>
<ERFMG>2.000</ERFMG>
<ERFME>EA</ERFME>
<EBELN>6500305760_0001</EBELN>
<EBELP>00020</EBELP>
<ELIKZ>X</ELIKZ>
<KZBEW>B</KZBEW>
</E1MBXYI>
</E1MBXYH>
</IDOC>
</WMMBID02>

2025-07-14T11:41:16.2746392+12:00 [DBG] (DropshipGetTickets/MMLAKL-TS/1) SendDespatchNote - Save ASN to C:\Dropship\Outbox\DN_PO_Briscoes_MML_6500305760_0001_20250714114115715.xml with content
<ORDERSEXT><IDOC BEGIN="1"><EDI_DC40 SEGMENT="1"><TABNAM>EDI_DC40</TABNAM><MANDT>300</MANDT><DOCNUM>0000000093600681</DOCNUM><DOCREL>702</DOCREL><STATUS>30</STATUS><DIRECT>1</DIRECT><OUTMOD>2</OUTMOD><IDOCTYP>ORDERS05</IDOCTYP><CIMTYP>ORDERSEXT</CIMTYP><MESTYP>ORDERS</MESTYP><STD>E</STD><STDMES>ORDERS</STDMES><SNDPOR>SAPBRP</SNDPOR><SNDPRT>LS</SNDPRT><SNDPRN>BRPCLNT300</SNDPRN><RCVPOR>EDIORDERS</RCVPOR><RCVPRT>LI</RCVPRT><RCVPFC>LF</RCVPFC><RCVPRN>0000300276</RCVPRN><CREDAT>20250713</CREDAT><CRETIM>201604</CRETIM><SERIAL>20250713201604</SERIAL></EDI_DC40><E1EDK01 SEGMENT="1"><KZABS>X</KZABS><CURCY>NZD</CURCY><HWAER>NZD</HWAER><WKURS>1.00000</WKURS><ZTERM>Z002</ZTERM><BSART>ZDSP</BSART><BELNR>6500305760_0001</BELNR><RECIPNT_NO>0000300276</RECIPNT_NO></E1EDK01><E1EDK14 SEGMENT="1"><QUALF>014</QUALF><ORGID>1000</ORGID></E1EDK14><E1EDK14 SEGMENT="1"><QUALF>009</QUALF><ORGID>B03</ORGID></E1EDK14><E1EDK14 SEGMENT="1"><QUALF>013</QUALF><ORGID>640</ORGID></E1EDK14><E1EDK14 SEGMENT="1"><QUALF>011</QUALF><ORGID>CC01</ORGID></E1EDK14><E1EDK03 SEGMENT="1"><IDDAT>012</IDDAT><DATUM>20250713</DATUM></E1EDK03><E1EDK03 SEGMENT="1"><IDDAT>011</IDDAT><DATUM>20250713</DATUM></E1EDK03><E1EDKA1 SEGMENT="1"><PARVW>AG</PARVW><PARTN>14105</PARTN><BNAME>Trish McGinty</BNAME><PAORG>1000</PAORG><ORGTX>Briscoe Group Ltd</ORGTX><PAGRU>B03</PAGRU><TELF1>09 8153731</TELF1></E1EDKA1><E1EDKA1 SEGMENT="1"><PARVW>LF</PARVW><PARTN>0000300276</PARTN><SPRAS>E</SPRAS><SPRAS_ISO>EN</SPRAS_ISO></E1EDKA1><E1EDKA1 SEGMENT="1"><PARVW>WE</PARVW><LIFNR>1199</LIFNR><NAME1>Danielle Robinson</NAME1><STRAS>20 Victoria Street, Carterton 5713</STRAS><ORT01>Carterton</ORT01><PSTLZ>5713</PSTLZ><LAND1>NZ</LAND1><TELF1>0279644362</TELF1><SPRAS>E</SPRAS><ORT02>Carterton</ORT02><SPRAS_ISO>EN</SPRAS_ISO></E1EDKA1><E1EDK02 SEGMENT="1"><QUALF>001</QUALF><BELNR>6500305760_0001</BELNR><DATUM>20250713</DATUM><UZEIT>201515</UZEIT></E1EDK02><E1EDP01 SEGMENT="1"><POSEX>00010</POSEX><ACTION>001</ACTION><PSTYP>0</PSTYP><KZABS>X</KZABS><MENGE>1.000</MENGE><MENEE>EA</MENEE><BMNG2>1.000</BMNG2><PMENE>EA</PMENE><VPREI>8.57</VPREI><PEINH>1</PEINH><NETWR>8.57</NETWR><GEWEI>KGM</GEWEI><MATKL>115059930</MATKL><BPUMN>1</BPUMN><BPUMZ>1</BPUMZ><BRGEW>0.25</BRGEW><WERKS>1199</WERKS><LGORT>0001</LGORT><ZE1EDP01 SEGMENT="1"><ATTYP>00</ATTYP><ZDS_NETPR>11.99</ZDS_NETPR><ZDS_NETVAL>11.99</ZDS_NETVAL><ZDS_BSTNK>30975154</ZDS_BSTNK></ZE1EDP01><E1EDP20 SEGMENT="1"><WMENG>1.000</WMENG><AMENG>0.000</AMENG><EDATU>20250721</EDATU></E1EDP20><E1EDP19 SEGMENT="1"><QUALF>002</QUALF><IDTNR>BDRBALL1-1</IDTNR></E1EDP19><E1EDP19 SEGMENT="1"><QUALF>001</QUALF><IDTNR>000000000001119606</IDTNR><KTEXT>DS Dog Treats BLD Roo Meat Balls 250g</KTEXT></E1EDP19><E1EDP19 SEGMENT="1"><QUALF>003</QUALF><IDTNR>9319993801183</IDTNR></E1EDP19><E1EDPT1 SEGMENT="1"><TDID>ZDSH</TDID><TSSPRAS>E</TSSPRAS><TSSPRAS_ISO>EN</TSSPRAS_ISO><E1EDPT2 SEGMENT="1"><TDLINE>Place in place cupboard inside gate under letter box</TDLINE></E1EDPT2></E1EDPT1></E1EDP01><E1EDP01 SEGMENT="1"><POSEX>00020</POSEX><ACTION>001</ACTION><PSTYP>0</PSTYP><KZABS>X</KZABS><MENGE>2.000</MENGE><MENEE>EA</MENEE><BMNG2>2.000</BMNG2><PMENE>EA</PMENE><VPREI>5.14</VPREI><PEINH>1</PEINH><NETWR>10.28</NETWR><GEWEI>KGM</GEWEI><MATKL>115059930</MATKL><BPUMN>1</BPUMN><BPUMZ>1</BPUMZ><BRGEW>0.30</BRGEW><WERKS>1199</WERKS><LGORT>0001</LGORT><ZE1EDP01 SEGMENT="1"><ATTYP>00</ATTYP><ZDS_NETPR>7.19</ZDS_NETPR><ZDS_NETVAL>14.38</ZDS_NETVAL><ZDS_BSTNK>30975154</ZDS_BSTNK></ZE1EDP01><E1EDP20 SEGMENT="1"><WMENG>2.000</WMENG><AMENG>0.000</AMENG><EDATU>20250721</EDATU></E1EDP20><E1EDP19 SEGMENT="1"><QUALF>002</QUALF><IDTNR>BDBM150</IDTNR></E1EDP19><E1EDP19 SEGMENT="1"><QUALF>001</QUALF><IDTNR>000000000001119598</IDTNR><KTEXT>DS Dog Treats BLD Mini Multi-Mix 150g</KTEXT></E1EDP19><E1EDP19 SEGMENT="1"><QUALF>003</QUALF><IDTNR>9319993801091</IDTNR></E1EDP19><E1EDPT1 SEGMENT="1"><TDID>ZDSH</TDID><TSSPRAS>E</TSSPRAS><TSSPRAS_ISO>EN</TSSPRAS_ISO><E1EDPT2 SEGMENT="1"><TDLINE>Place in place cupboard inside gate under letter box</TDLINE></E1EDPT2></E1EDPT1></E1EDP01><E1EDS01 SEGMENT="1"><SUMID>002</SUMID><SUMME>18.85</SUMME><SUNIT>NZD</SUNIT></E1EDS01></IDOC></ORDERSEXT>
2025-07-14T11:41:16.2746392+12:00 [DBG] (DropshipGetTickets/MMLAKL-TS/1) SendDespatchNote - FTP ASN file C:\Dropship\Outbox\DN_PO_Briscoes_MML_6500305760_0001_20250714114115715.xml to host ftp://post.edis.co.nz//ToEDIS
2025-07-14T11:41:16.6223266+12:00 [INF] (DropshipGetTickets/MMLAKL-TS/1) SendDespatchNote - FTP ASN file C:\Dropship\Outbox\DN_PO_Briscoes_MML_6500305760_0001_20250714114115715.xml to host ftp://post.edis.co.nz//ToEDIS succeeded
2025-07-14T11:41:16.6223266+12:00 [DBG] (DropshipGetTickets/MMLAKL-TS/1) SendDespatchNote - ASN file C:\Dropship\Outbox\DN_PO_Briscoes_MML_6500305760_0001_20250714114115715.xml is being moved to success
2025-07-14T11:41:16.6262332+12:00 [INF] (DropshipGetTickets/MMLAKL-TS/1) SendDespatchNote - ASN file C:\Dropship\Outbox\DN_PO_Briscoes_MML_6500305760_0001_20250714114115715.xml moved successfully to success
2025-07-14T11:41:16.8371896+12:00 [DBG] (DropshipGetTickets/MMLAKL-TS/1) SendDespatchNote - Created entry in SQL for EDI DN C:\Dropship\Outbox\success\DN_PO_Briscoes_MML_6500305760_0001_20250714114115715.xml
2025-07-14T11:43:31.6794941+12:00 [DBG] (DropshipGetTickets/MMLAKL-TS/1) btnGetConsignment_Click - Requesting consignment from Aramex API with SOAP body
{"To":{"ContactName":"Melissa Standing","PhoneNumber":"021554534","Email":"","Reference":"30915577","SpecialInstructions":"","Address":{"StreetAddress":"15 Mclean Street, Pokeno 2402","Locality":"Pokeno","StateOrProvince":"","PostalCode":"2402","Country":"NZ"}},"Items":[{"Reference":"30915577","Quantity":2,"PackageType":"P","WeightDead":5,"WeightCubic":0,"Length":5,"Width":5,"Height":5,"EdiLineNo":""},{"Reference":"30915577","Quantity":2,"PackageType":"P","WeightDead":5,"WeightCubic":0,"Length":5,"Width":5,"Height":5,"EdiLineNo":""}],"InstructionsPublic":""}
2025-07-14T11:43:00.3607201+12:00 [INF] (DropshipGetTickets/MMLAKL-TS/1) btnGetConsignment_Click - Successfully got consignment 119290321 response
2025-07-14T11:43:00.3607201+12:00 [DBG] (DropshipGetTickets/MMLAKL-TS/1) btnGetConsignment_Click - SOAP response for consignment 119290321 was:
AramexAPI.Data
2025-07-14T11:43:44.1321739+12:00 [INF] (DropshipGetTickets/MMLAKL-TS/1) PrintLabel - succeeded
2025-07-14T11:43:44.1360806+12:00 [INF] (DropshipGetTickets/MMLAKL-TS/1) SendDespatchNote - Built EDI DN successfully
2025-07-14T11:43:44.1360806+12:00 [DBG] (DropshipGetTickets/MMLAKL-TS/1) SendDespatchNote - EDI DN content:
<?xml version="1.0" encoding="UTF-8"?>
<WMMBID02>
<IDOC BEGIN="1">
<EDI_DC40 SEGMENT="1">
<TABNAM>EDI_DC40</TABNAM>
<MANDT>120</MANDT>
<DOCNUM>0000000093598738</DOCNUM>
<DOCREL>750</DOCREL>
<STATUS>53</STATUS>
<DIRECT>2</DIRECT>
<OUTMOD></OUTMOD>
<IDOCTYP>WMMBID02</IDOCTYP>
<MESTYP>WMMBXY</MESTYP>
<SNDPOR>SAPBRP</SNDPOR>
<SNDPRT>LI</SNDPRT>
<SNDPFC>LF</SNDPFC>
<SNDPRN>0000300276</SNDPRN>
<RCVPOR>SAPBRP</RCVPOR>
<RCVPRT>LS</RCVPRT>
<RCVPRN>BRPCLNT300</RCVPRN>
<CREDAT>20250714</CREDAT>
<CRETIM>114344</CRETIM>
</EDI_DC40>
<E1MBXYH SEGMENT="1">
<BLDAT>20250714</BLDAT>
<BUDAT>20250714</BUDAT>
<XBLNR>20250714114344</XBLNR>
<BKTXT>10</BKTXT>
<FRBNR>MX0025994909</FRBNR>
<TCODE>MB01</TCODE>
<E1MBXYI SEGMENT="1">
<MATNR>000000000001119606</MATNR>
<WERKS>1199</WERKS>
<LGORT>0001</LGORT>
<BWART>101</BWART>
<ERFMG>2.000</ERFMG>
<ERFME>EA</ERFME>
<EBELN>6500304797_0001</EBELN>
<EBELP>00020</EBELP>
<ELIKZ>X</ELIKZ>
<KZBEW>B</KZBEW>
</E1MBXYI>
<E1MBXYI SEGMENT="1">
<MATNR>000000000001119598</MATNR>
<WERKS>1199</WERKS>
<LGORT>0001</LGORT>
<BWART>101</BWART>
<ERFMG>2.000</ERFMG>
<ERFME>EA</ERFME>
<EBELN>6500304797_0001</EBELN>
<EBELP>00010</EBELP>
<ELIKZ>X</ELIKZ>
<KZBEW>B</KZBEW>
</E1MBXYI>
</E1MBXYH>
</IDOC>
</WMMBID02>

2025-07-14T11:43:44.2376548+12:00 [DBG] (DropshipGetTickets/MMLAKL-TS/1) SendDespatchNote - Save ASN to C:\Dropship\Outbox\DN_PO_Briscoes_MML_6500304797_0001_20250714114344136.xml with content
<ORDERSEXT><IDOC BEGIN="1"><EDI_DC40 SEGMENT="1"><TABNAM>EDI_DC40</TABNAM><MANDT>300</MANDT><DOCNUM>0000000093598738</DOCNUM><DOCREL>702</DOCREL><STATUS>30</STATUS><DIRECT>1</DIRECT><OUTMOD>2</OUTMOD><IDOCTYP>ORDERS05</IDOCTYP><CIMTYP>ORDERSEXT</CIMTYP><MESTYP>ORDERS</MESTYP><STD>E</STD><STDMES>ORDERS</STDMES><SNDPOR>SAPBRP</SNDPOR><SNDPRT>LS</SNDPRT><SNDPRN>BRPCLNT300</SNDPRN><RCVPOR>EDIORDERS</RCVPOR><RCVPRT>LI</RCVPRT><RCVPFC>LF</RCVPFC><RCVPRN>0000300276</RCVPRN><CREDAT>20250711</CREDAT><CRETIM>093058</CRETIM><SERIAL>20250711093058</SERIAL></EDI_DC40><E1EDK01 SEGMENT="1"><KZABS>X</KZABS><CURCY>NZD</CURCY><HWAER>NZD</HWAER><WKURS>1.00000</WKURS><ZTERM>Z002</ZTERM><BSART>ZDSP</BSART><BELNR>6500304797_0001</BELNR><RECIPNT_NO>0000300276</RECIPNT_NO></E1EDK01><E1EDK14 SEGMENT="1"><QUALF>014</QUALF><ORGID>1000</ORGID></E1EDK14><E1EDK14 SEGMENT="1"><QUALF>009</QUALF><ORGID>B03</ORGID></E1EDK14><E1EDK14 SEGMENT="1"><QUALF>013</QUALF><ORGID>640</ORGID></E1EDK14><E1EDK14 SEGMENT="1"><QUALF>011</QUALF><ORGID>CC01</ORGID></E1EDK14><E1EDK03 SEGMENT="1"><IDDAT>012</IDDAT><DATUM>20250711</DATUM></E1EDK03><E1EDK03 SEGMENT="1"><IDDAT>011</IDDAT><DATUM>20250711</DATUM></E1EDK03><E1EDKA1 SEGMENT="1"><PARVW>AG</PARVW><PARTN>14105</PARTN><BNAME>Trish McGinty</BNAME><PAORG>1000</PAORG><ORGTX>Briscoe Group Ltd</ORGTX><PAGRU>B03</PAGRU><TELF1>09 8153731</TELF1></E1EDKA1><E1EDKA1 SEGMENT="1"><PARVW>LF</PARVW><PARTN>0000300276</PARTN><SPRAS>E</SPRAS><SPRAS_ISO>EN</SPRAS_ISO></E1EDKA1><E1EDKA1 SEGMENT="1"><PARVW>WE</PARVW><LIFNR>1199</LIFNR><NAME1>Melissa Standing</NAME1><STRAS>15 Mclean Street, Pokeno 2402</STRAS><ORT01>Pokeno</ORT01><PSTLZ>2402</PSTLZ><LAND1>NZ</LAND1><TELF1>021554534</TELF1><SPRAS>E</SPRAS><ORT02>Pokeno</ORT02><SPRAS_ISO>EN</SPRAS_ISO></E1EDKA1><E1EDK02 SEGMENT="1"><QUALF>001</QUALF><BELNR>6500304797_0001</BELNR><DATUM>20250711</DATUM><UZEIT>093014</UZEIT></E1EDK02><E1EDP01 SEGMENT="1"><POSEX>00010</POSEX><ACTION>001</ACTION><PSTYP>0</PSTYP><KZABS>X</KZABS><MENGE>2.000</MENGE><MENEE>EA</MENEE><BMNG2>2.000</BMNG2><PMENE>EA</PMENE><VPREI>5.14</VPREI><PEINH>1</PEINH><NETWR>10.28</NETWR><GEWEI>KGM</GEWEI><MATKL>115059930</MATKL><BPUMN>1</BPUMN><BPUMZ>1</BPUMZ><BRGEW>0.30</BRGEW><WERKS>1199</WERKS><LGORT>0001</LGORT><ZE1EDP01 SEGMENT="1"><ATTYP>00</ATTYP><ZDS_NETPR>7.19</ZDS_NETPR><ZDS_NETVAL>14.38</ZDS_NETVAL><ZDS_BSTNK>30915577</ZDS_BSTNK></ZE1EDP01><E1EDP20 SEGMENT="1"><WMENG>2.000</WMENG><AMENG>0.000</AMENG><EDATU>20250716</EDATU></E1EDP20><E1EDP19 SEGMENT="1"><QUALF>002</QUALF><IDTNR>BDBM150</IDTNR></E1EDP19><E1EDP19 SEGMENT="1"><QUALF>001</QUALF><IDTNR>000000000001119598</IDTNR><KTEXT>DS Dog Treats BLD Mini Multi-Mix 150g</KTEXT></E1EDP19><E1EDP19 SEGMENT="1"><QUALF>003</QUALF><IDTNR>9319993801091</IDTNR></E1EDP19><E1EDPT1 SEGMENT="1"><TDID>ZDSH</TDID><TSSPRAS>E</TSSPRAS><TSSPRAS_ISO>EN</TSSPRAS_ISO></E1EDPT1></E1EDP01><E1EDP01 SEGMENT="1"><POSEX>00020</POSEX><ACTION>001</ACTION><PSTYP>0</PSTYP><KZABS>X</KZABS><MENGE>2.000</MENGE><MENEE>EA</MENEE><BMNG2>2.000</BMNG2><PMENE>EA</PMENE><VPREI>8.57</VPREI><PEINH>1</PEINH><NETWR>17.14</NETWR><GEWEI>KGM</GEWEI><MATKL>115059930</MATKL><BPUMN>1</BPUMN><BPUMZ>1</BPUMZ><BRGEW>0.50</BRGEW><WERKS>1199</WERKS><LGORT>0001</LGORT><ZE1EDP01 SEGMENT="1"><ATTYP>00</ATTYP><ZDS_NETPR>11.99</ZDS_NETPR><ZDS_NETVAL>23.98</ZDS_NETVAL><ZDS_BSTNK>30915577</ZDS_BSTNK></ZE1EDP01><E1EDP20 SEGMENT="1"><WMENG>2.000</WMENG><AMENG>0.000</AMENG><EDATU>20250716</EDATU></E1EDP20><E1EDP19 SEGMENT="1"><QUALF>002</QUALF><IDTNR>BDRBALL1-1</IDTNR></E1EDP19><E1EDP19 SEGMENT="1"><QUALF>001</QUALF><IDTNR>000000000001119606</IDTNR><KTEXT>DS Dog Treats BLD Roo Meat Balls 250g</KTEXT></E1EDP19><E1EDP19 SEGMENT="1"><QUALF>003</QUALF><IDTNR>9319993801183</IDTNR></E1EDP19><E1EDPT1 SEGMENT="1"><TDID>ZDSH</TDID><TSSPRAS>E</TSSPRAS><TSSPRAS_ISO>EN</TSSPRAS_ISO></E1EDPT1></E1EDP01><E1EDS01 SEGMENT="1"><SUMID>002</SUMID><SUMME>27.42</SUMME><SUNIT>NZD</SUNIT></E1EDS01></IDOC></ORDERSEXT>
2025-07-14T11:43:44.2376548+12:00 [DBG] (DropshipGetTickets/MMLAKL-TS/1) SendDespatchNote - FTP ASN file C:\Dropship\Outbox\DN_PO_Briscoes_MML_6500304797_0001_20250714114344136.xml to host ftp://post.edis.co.nz//ToEDIS
2025-07-14T11:43:44.5853511+12:00 [INF] (DropshipGetTickets/MMLAKL-TS/1) SendDespatchNote - FTP ASN file C:\Dropship\Outbox\DN_PO_Briscoes_MML_6500304797_0001_20250714114344136.xml to host ftp://post.edis.co.nz//ToEDIS succeeded
2025-07-14T11:43:44.5853511+12:00 [DBG] (DropshipGetTickets/MMLAKL-TS/1) SendDespatchNote - ASN file C:\Dropship\Outbox\DN_PO_Briscoes_MML_6500304797_0001_20250714114344136.xml is being moved to success
2025-07-14T11:43:44.5892578+12:00 [INF] (DropshipGetTickets/MMLAKL-TS/1) SendDespatchNote - ASN file C:\Dropship\Outbox\DN_PO_Briscoes_MML_6500304797_0001_20250714114344136.xml moved successfully to success
2025-07-14T11:43:44.6205114+12:00 [DBG] (DropshipGetTickets/MMLAKL-TS/1) SendDespatchNote - Created entry in SQL for EDI DN C:\Dropship\Outbox\success\DN_PO_Briscoes_MML_6500304797_0001_20250714114344136.xml
2025-07-14T11:46:48.0766160+12:00 [DBG] (DropshipGetTickets/MMLAKL-TS/1) btnGetConsignment_Click - Requesting consignment from Aramex API with SOAP body
{"To":{"ContactName":"Fiona McIver","PhoneNumber":"0224512962","Email":"","Reference":"30747187","SpecialInstructions":"","Address":{"StreetAddress":"136 Plateau Road","Locality":"Upper Hutt","StateOrProvince":"","PostalCode":"5018","Country":"NZ"}},"Items":[{"Reference":"30747187","Quantity":1,"PackageType":"P","WeightDead":5,"WeightCubic":5,"Length":1,"Width":1,"Height":1,"EdiLineNo":""}],"InstructionsPublic":""}
2025-07-14T11:46:16.6821603+12:00 [INF] (DropshipGetTickets/MMLAKL-TS/1) btnGetConsignment_Click - Successfully got consignment 119291231 response
2025-07-14T11:46:16.6821603+12:00 [DBG] (DropshipGetTickets/MMLAKL-TS/1) btnGetConsignment_Click - SOAP response for consignment 119291231 was:
AramexAPI.Data
2025-07-14T11:46:57.1117382+12:00 [INF] (DropshipGetTickets/MMLAKL-TS/1) PrintLabel - succeeded
2025-07-14T11:46:57.1234583+12:00 [INF] (DropshipGetTickets/MMLAKL-TS/1) SendDespatchNote - Built EDI DN successfully
2025-07-14T11:46:57.1234583+12:00 [DBG] (DropshipGetTickets/MMLAKL-TS/1) SendDespatchNote - EDI DN content:
<?xml version="1.0" encoding="UTF-8"?>
<WMMBID02>
<IDOC BEGIN="1">
<EDI_DC40 SEGMENT="1">
<TABNAM>EDI_DC40</TABNAM>
<MANDT>120</MANDT>
<DOCNUM>0000000093599649</DOCNUM>
<DOCREL>750</DOCREL>
<STATUS>53</STATUS>
<DIRECT>2</DIRECT>
<OUTMOD></OUTMOD>
<IDOCTYP>WMMBID02</IDOCTYP>
<MESTYP>WMMBXY</MESTYP>
<SNDPOR>SAPBRP</SNDPOR>
<SNDPRT>LI</SNDPRT>
<SNDPFC>LF</SNDPFC>
<SNDPRN>0000300276</SNDPRN>
<RCVPOR>SAPBRP</RCVPOR>
<RCVPRT>LS</RCVPRT>
<RCVPRN>BRPCLNT300</RCVPRN>
<CREDAT>20250714</CREDAT>
<CRETIM>114657</CRETIM>
</EDI_DC40>
<E1MBXYH SEGMENT="1">
<BLDAT>20250714</BLDAT>
<BUDAT>20250714</BUDAT>
<XBLNR>20250714114657</XBLNR>
<BKTXT>10</BKTXT>
<FRBNR>MX0025995137</FRBNR>
<TCODE>MB01</TCODE>
<E1MBXYI SEGMENT="1">
<MATNR>000000000001119606</MATNR>
<WERKS>1199</WERKS>
<LGORT>0001</LGORT>
<BWART>101</BWART>
<ERFMG>1.000</ERFMG>
<ERFME>EA</ERFME>
<EBELN>6500305137_0001</EBELN>
<EBELP>00010</EBELP>
<ELIKZ>X</ELIKZ>
<KZBEW>B</KZBEW>
</E1MBXYI>
</E1MBXYH>
</IDOC>
</WMMBID02>

2025-07-14T11:46:57.2758196+12:00 [DBG] (DropshipGetTickets/MMLAKL-TS/1) SendDespatchNote - Save ASN to C:\Dropship\Outbox\DN_PO_Briscoes_MML_6500305137_0001_20250714114657119.xml with content
<ORDERSEXT><IDOC BEGIN="1"><EDI_DC40 SEGMENT="1"><TABNAM>EDI_DC40</TABNAM><MANDT>300</MANDT><DOCNUM>0000000093599649</DOCNUM><DOCREL>702</DOCREL><STATUS>30</STATUS><DIRECT>1</DIRECT><OUTMOD>2</OUTMOD><IDOCTYP>ORDERS05</IDOCTYP><CIMTYP>ORDERSEXT</CIMTYP><MESTYP>ORDERS</MESTYP><STD>E</STD><STDMES>ORDERS</STDMES><SNDPOR>SAPBRP</SNDPOR><SNDPRT>LS</SNDPRT><SNDPRN>BRPCLNT300</SNDPRN><RCVPOR>EDIORDERS</RCVPOR><RCVPRT>LI</RCVPRT><RCVPFC>LF</RCVPFC><RCVPRN>0000300276</RCVPRN><CREDAT>20250712</CREDAT><CRETIM>121610</CRETIM><SERIAL>20250712121610</SERIAL></EDI_DC40><E1EDK01 SEGMENT="1"><KZABS>X</KZABS><CURCY>NZD</CURCY><HWAER>NZD</HWAER><WKURS>1.00000</WKURS><ZTERM>Z002</ZTERM><BSART>ZDSP</BSART><BELNR>6500305137_0001</BELNR><RECIPNT_NO>0000300276</RECIPNT_NO></E1EDK01><E1EDK14 SEGMENT="1"><QUALF>014</QUALF><ORGID>1000</ORGID></E1EDK14><E1EDK14 SEGMENT="1"><QUALF>009</QUALF><ORGID>B03</ORGID></E1EDK14><E1EDK14 SEGMENT="1"><QUALF>013</QUALF><ORGID>640</ORGID></E1EDK14><E1EDK14 SEGMENT="1"><QUALF>011</QUALF><ORGID>CC01</ORGID></E1EDK14><E1EDK03 SEGMENT="1"><IDDAT>012</IDDAT><DATUM>20250712</DATUM></E1EDK03><E1EDK03 SEGMENT="1"><IDDAT>011</IDDAT><DATUM>20250712</DATUM></E1EDK03><E1EDKA1 SEGMENT="1"><PARVW>AG</PARVW><PARTN>14105</PARTN><BNAME>Trish McGinty</BNAME><PAORG>1000</PAORG><ORGTX>Briscoe Group Ltd</ORGTX><PAGRU>B03</PAGRU><TELF1>09 8153731</TELF1></E1EDKA1><E1EDKA1 SEGMENT="1"><PARVW>LF</PARVW><PARTN>0000300276</PARTN><SPRAS>E</SPRAS><SPRAS_ISO>EN</SPRAS_ISO></E1EDKA1><E1EDKA1 SEGMENT="1"><PARVW>WE</PARVW><LIFNR>1199</LIFNR><NAME1>Fiona McIver</NAME1><STRAS>136 Plateau Road</STRAS><ORT01>Upper Hutt</ORT01><PSTLZ>5018</PSTLZ><LAND1>NZ</LAND1><TELF1>0224512962</TELF1><SPRAS>E</SPRAS><ORT02>Te Marua</ORT02><SPRAS_ISO>EN</SPRAS_ISO></E1EDKA1><E1EDK02 SEGMENT="1"><QUALF>001</QUALF><BELNR>6500305137_0001</BELNR><DATUM>20250712</DATUM><UZEIT>121516</UZEIT></E1EDK02><E1EDP01 SEGMENT="1"><POSEX>00010</POSEX><ACTION>001</ACTION><PSTYP>0</PSTYP><KZABS>X</KZABS><MENGE>1.000</MENGE><MENEE>EA</MENEE><BMNG2>1.000</BMNG2><PMENE>EA</PMENE><VPREI>8.57</VPREI><PEINH>1</PEINH><NETWR>8.57</NETWR><GEWEI>KGM</GEWEI><MATKL>115059930</MATKL><BPUMN>1</BPUMN><BPUMZ>1</BPUMZ><BRGEW>0.25</BRGEW><WERKS>1199</WERKS><LGORT>0001</LGORT><ZE1EDP01 SEGMENT="1"><ATTYP>00</ATTYP><ZDS_NETPR>11.99</ZDS_NETPR><ZDS_NETVAL>11.99</ZDS_NETVAL><ZDS_BSTNK>30747187</ZDS_BSTNK></ZE1EDP01><E1EDP20 SEGMENT="1"><WMENG>1.000</WMENG><AMENG>0.000</AMENG><EDATU>20250721</EDATU></E1EDP20><E1EDP19 SEGMENT="1"><QUALF>002</QUALF><IDTNR>BDRBALL1-1</IDTNR></E1EDP19><E1EDP19 SEGMENT="1"><QUALF>001</QUALF><IDTNR>000000000001119606</IDTNR><KTEXT>DS Dog Treats BLD Roo Meat Balls 250g</KTEXT></E1EDP19><E1EDP19 SEGMENT="1"><QUALF>003</QUALF><IDTNR>9319993801183</IDTNR></E1EDP19><E1EDPT1 SEGMENT="1"><TDID>ZDSH</TDID><TSSPRAS>E</TSSPRAS><TSSPRAS_ISO>EN</TSSPRAS_ISO></E1EDPT1></E1EDP01><E1EDS01 SEGMENT="1"><SUMID>002</SUMID><SUMME>8.57</SUMME><SUNIT>NZD</SUNIT></E1EDS01></IDOC></ORDERSEXT>
2025-07-14T11:46:57.2758196+12:00 [DBG] (DropshipGetTickets/MMLAKL-TS/1) SendDespatchNote - FTP ASN file C:\Dropship\Outbox\DN_PO_Briscoes_MML_6500305137_0001_20250714114657119.xml to host ftp://post.edis.co.nz//ToEDIS
2025-07-14T11:46:57.5961690+12:00 [INF] (DropshipGetTickets/MMLAKL-TS/1) SendDespatchNote - FTP ASN file C:\Dropship\Outbox\DN_PO_Briscoes_MML_6500305137_0001_20250714114657119.xml to host ftp://post.edis.co.nz//ToEDIS succeeded
2025-07-14T11:46:57.5961690+12:00 [DBG] (DropshipGetTickets/MMLAKL-TS/1) SendDespatchNote - ASN file C:\Dropship\Outbox\DN_PO_Briscoes_MML_6500305137_0001_20250714114657119.xml is being moved to success
2025-07-14T11:46:57.5961690+12:00 [INF] (DropshipGetTickets/MMLAKL-TS/1) SendDespatchNote - ASN file C:\Dropship\Outbox\DN_PO_Briscoes_MML_6500305137_0001_20250714114657119.xml moved successfully to success
2025-07-14T11:46:57.6235159+12:00 [DBG] (DropshipGetTickets/MMLAKL-TS/1) SendDespatchNote - Created entry in SQL for EDI DN C:\Dropship\Outbox\success\DN_PO_Briscoes_MML_6500305137_0001_20250714114657119.xml
