2025-07-07T08:19:45.1272605+12:00 [INF] (DropshipGetTickets/MMLAKL-TS/1) DropshipGetTickets started
2025-07-07T08:20:00.4179860+12:00 [DBG] (DropshipGetTickets/MMLAKL-TS/1) btnGetConsignment_Click - Requesting consignment from Aramex API with SOAP body
{"To":{"ContactName":"Yvonne O\u0027Donnell","PhoneNumber":"0211457060","Email":"","Reference":"30818042","SpecialInstructions":"","Address":{"StreetAddress":"8A Halyard Way","Locality":"Mangawhai","StateOrProvince":"","PostalCode":"0505","Country":"NZ"}},"Items":[{"Reference":"30818042","Quantity":1,"PackageType":"P","WeightDead":0,"WeightCubic":0,"Length":1,"Width":1,"Height":1,"EdiLineNo":""}],"InstructionsPublic":""}
2025-07-07T08:20:01.2314105+12:00 [ERR] (DropshipGetTickets/MMLAKL-TS/1) GetConsignmentTicket: Error occured during a POST on https://api.myfastway.co.nz/api/consignments 
 with status 400 BadRequest - Request failed with status code BadRequest
	VAL_RANGE - 'WeightDead' is not valid.
2025-07-07T08:20:02.5672625+12:00 [WRN] (DropshipGetTickets/MMLAKL-TS/1) btnGetConsignment_Click - Failed to get consignment with error
GetConsignmentTicket: Error occured during a POST on https://api.myfastway.co.nz/api/consignments 
 with status 400 BadRequest - Request failed with status code BadRequest
	VAL_RANGE - 'WeightDead' is not valid.
2025-07-07T08:20:10.9261025+12:00 [DBG] (DropshipGetTickets/MMLAKL-TS/1) btnGetConsignment_Click - Requesting consignment from Aramex API with SOAP body
{"To":{"ContactName":"Yvonne O\u0027Donnell","PhoneNumber":"0211457060","Email":"","Reference":"30818042","SpecialInstructions":"","Address":{"StreetAddress":"8A Halyard Way","Locality":"Mangawhai","StateOrProvince":"","PostalCode":"0505","Country":"NZ"}},"Items":[{"Reference":"30818042","Quantity":1,"PackageType":"P","WeightDead":5,"WeightCubic":0.2,"Length":1,"Width":1,"Height":1,"EdiLineNo":""}],"InstructionsPublic":""}
2025-07-07T08:20:11.4231410+12:00 [INF] (DropshipGetTickets/MMLAKL-TS/1) btnGetConsignment_Click - Successfully got consignment 118490234 response
2025-07-07T08:20:11.4309530+12:00 [DBG] (DropshipGetTickets/MMLAKL-TS/1) btnGetConsignment_Click - SOAP response for consignment 118490234 was:
AramexAPI.Data
2025-07-07T08:20:25.3810850+12:00 [INF] (DropshipGetTickets/MMLAKL-TS/1) PrintLabel - succeeded
2025-07-07T08:20:25.8664055+12:00 [INF] (DropshipGetTickets/MMLAKL-TS/1) SendDespatchNote - Built EDI DN successfully
2025-07-07T08:20:25.8664055+12:00 [DBG] (DropshipGetTickets/MMLAKL-TS/1) SendDespatchNote - EDI DN content:
<?xml version="1.0" encoding="UTF-8"?>
<WMMBID02>
<IDOC BEGIN="1">
<EDI_DC40 SEGMENT="1">
<TABNAM>EDI_DC40</TABNAM>
<MANDT>120</MANDT>
<DOCNUM>0000000093583386</DOCNUM>
<DOCREL>750</DOCREL>
<STATUS>53</STATUS>
<DIRECT>2</DIRECT>
<OUTMOD></OUTMOD>
<IDOCTYP>WMMBID02</IDOCTYP>
<MESTYP>WMMBXY</MESTYP>
<SNDPOR>SAPBRP</SNDPOR>
<SNDPRT>LI</SNDPRT>
<SNDPFC>LF</SNDPFC>
<SNDPRN>0000300276</SNDPRN>
<RCVPOR>SAPBRP</RCVPOR>
<RCVPRT>LS</RCVPRT>
<RCVPRN>BRPCLNT300</RCVPRN>
<CREDAT>20250707</CREDAT>
<CRETIM>082025</CRETIM>
</EDI_DC40>
<E1MBXYH SEGMENT="1">
<BLDAT>20250707</BLDAT>
<BUDAT>20250707</BUDAT>
<XBLNR>20250707082025</XBLNR>
<BKTXT>10</BKTXT>
<FRBNR>MX0025764314</FRBNR>
<TCODE>MB01</TCODE>
<E1MBXYI SEGMENT="1">
<MATNR>000000000001106355</MATNR>
<WERKS>1199</WERKS>
<LGORT>0001</LGORT>
<BWART>101</BWART>
<ERFMG>1.000</ERFMG>
<ERFME>EA</ERFME>
<EBELN>6500303561_0001</EBELN>
<EBELP>00010</EBELP>
<ELIKZ>X</ELIKZ>
<KZBEW>B</KZBEW>
</E1MBXYI>
</E1MBXYH>
</IDOC>
</WMMBID02>

2025-07-07T08:20:25.9777265+12:00 [DBG] (DropshipGetTickets/MMLAKL-TS/1) SendDespatchNote - Save ASN to C:\Dropship\Outbox\DN_PO_Briscoes_MML_6500303561_0001_20250707082025409.xml with content
<ORDERSEXT><IDOC BEGIN="1"><EDI_DC40 SEGMENT="1"><TABNAM>EDI_DC40</TABNAM><MANDT>300</MANDT><DOCNUM>0000000093583386</DOCNUM><DOCREL>702</DOCREL><STATUS>30</STATUS><DIRECT>1</DIRECT><OUTMOD>2</OUTMOD><IDOCTYP>ORDERS05</IDOCTYP><CIMTYP>ORDERSEXT</CIMTYP><MESTYP>ORDERS</MESTYP><STD>E</STD><STDMES>ORDERS</STDMES><SNDPOR>SAPBRP</SNDPOR><SNDPRT>LS</SNDPRT><SNDPRN>BRPCLNT300</SNDPRN><RCVPOR>EDIORDERS</RCVPOR><RCVPRT>LI</RCVPRT><RCVPFC>LF</RCVPFC><RCVPRN>0000300276</RCVPRN><CREDAT>20250704</CREDAT><CRETIM>130100</CRETIM><SERIAL>20250704130100</SERIAL></EDI_DC40><E1EDK01 SEGMENT="1"><KZABS>X</KZABS><CURCY>NZD</CURCY><HWAER>NZD</HWAER><WKURS>1.00000</WKURS><ZTERM>Z002</ZTERM><BSART>ZDSP</BSART><BELNR>6500303561_0001</BELNR><RECIPNT_NO>0000300276</RECIPNT_NO></E1EDK01><E1EDK14 SEGMENT="1"><QUALF>014</QUALF><ORGID>1000</ORGID></E1EDK14><E1EDK14 SEGMENT="1"><QUALF>009</QUALF><ORGID>B03</ORGID></E1EDK14><E1EDK14 SEGMENT="1"><QUALF>013</QUALF><ORGID>640</ORGID></E1EDK14><E1EDK14 SEGMENT="1"><QUALF>011</QUALF><ORGID>CC01</ORGID></E1EDK14><E1EDK03 SEGMENT="1"><IDDAT>012</IDDAT><DATUM>20250704</DATUM></E1EDK03><E1EDK03 SEGMENT="1"><IDDAT>011</IDDAT><DATUM>20250704</DATUM></E1EDK03><E1EDKA1 SEGMENT="1"><PARVW>AG</PARVW><PARTN>14105</PARTN><BNAME>Trish McGinty</BNAME><PAORG>1000</PAORG><ORGTX>Briscoe Group Ltd</ORGTX><PAGRU>B03</PAGRU><TELF1>09 8153731</TELF1></E1EDKA1><E1EDKA1 SEGMENT="1"><PARVW>LF</PARVW><PARTN>0000300276</PARTN><SPRAS>E</SPRAS><SPRAS_ISO>EN</SPRAS_ISO></E1EDKA1><E1EDKA1 SEGMENT="1"><PARVW>WE</PARVW><LIFNR>1199</LIFNR><NAME1>Yvonne O'Donnell</NAME1><STRAS>8A Halyard Way</STRAS><ORT01>Mangawhai</ORT01><PSTLZ>0505</PSTLZ><LAND1>NZ</LAND1><TELF1>0211457060</TELF1><SPRAS>E</SPRAS><ORT02>Mangawhai</ORT02><SPRAS_ISO>EN</SPRAS_ISO></E1EDKA1><E1EDK02 SEGMENT="1"><QUALF>001</QUALF><BELNR>6500303561_0001</BELNR><DATUM>20250704</DATUM><UZEIT>130009</UZEIT></E1EDK02><E1EDP01 SEGMENT="1"><POSEX>00010</POSEX><ACTION>001</ACTION><PSTYP>0</PSTYP><KZABS>X</KZABS><MENGE>1.000</MENGE><MENEE>EA</MENEE><BMNG2>1.000</BMNG2><PMENE>EA</PMENE><VPREI>7.00</VPREI><PEINH>1</PEINH><NETWR>7.00</NETWR><GEWEI>KGM</GEWEI><MATKL>115059905</MATKL><BPUMN>1</BPUMN><BPUMZ>1</BPUMZ><BRGEW /><WERKS>1199</WERKS><LGORT>0001</LGORT><ZE1EDP01 SEGMENT="1"><ATTYP>00</ATTYP><ZDS_NETPR>19.99</ZDS_NETPR><ZDS_NETVAL>19.99</ZDS_NETVAL><ZDS_BSTNK>30818042</ZDS_BSTNK></ZE1EDP01><E1EDP20 SEGMENT="1"><WMENG>1.000</WMENG><AMENG>0.000</AMENG><EDATU>20250709</EDATU></E1EDP20><E1EDP19 SEGMENT="1"><QUALF>002</QUALF><IDTNR>RCCCDTBLU</IDTNR></E1EDP19><E1EDP19 SEGMENT="1"><QUALF>001</QUALF><IDTNR>000000000001106355</IDTNR><KTEXT>DS Dog Toy RCO Clean &amp; Chew Dental Blue</KTEXT></E1EDP19><E1EDP19 SEGMENT="1"><QUALF>003</QUALF><IDTNR>2050003176415</IDTNR></E1EDP19><E1EDPT1 SEGMENT="1"><TDID>ZDSH</TDID><TSSPRAS>E</TSSPRAS><TSSPRAS_ISO>EN</TSSPRAS_ISO></E1EDPT1></E1EDP01><E1EDS01 SEGMENT="1"><SUMID>002</SUMID><SUMME>7.00</SUMME><SUNIT>NZD</SUNIT></E1EDS01></IDOC></ORDERSEXT>
2025-07-07T08:20:25.9796795+12:00 [DBG] (DropshipGetTickets/MMLAKL-TS/1) SendDespatchNote - FTP ASN file C:\Dropship\Outbox\DN_PO_Briscoes_MML_6500303561_0001_20250707082025409.xml to host ftp://post.edis.co.nz//ToEDIS
2025-07-07T08:20:26.3009480+12:00 [INF] (DropshipGetTickets/MMLAKL-TS/1) SendDespatchNote - FTP ASN file C:\Dropship\Outbox\DN_PO_Briscoes_MML_6500303561_0001_20250707082025409.xml to host ftp://post.edis.co.nz//ToEDIS succeeded
2025-07-07T08:20:26.3019245+12:00 [DBG] (DropshipGetTickets/MMLAKL-TS/1) SendDespatchNote - ASN file C:\Dropship\Outbox\DN_PO_Briscoes_MML_6500303561_0001_20250707082025409.xml is being moved to success
2025-07-07T08:20:26.3077835+12:00 [INF] (DropshipGetTickets/MMLAKL-TS/1) SendDespatchNote - ASN file C:\Dropship\Outbox\DN_PO_Briscoes_MML_6500303561_0001_20250707082025409.xml moved successfully to success
2025-07-07T08:20:26.4933185+12:00 [DBG] (DropshipGetTickets/MMLAKL-TS/1) SendDespatchNote - Created entry in SQL for EDI DN C:\Dropship\Outbox\success\DN_PO_Briscoes_MML_6500303561_0001_20250707082025409.xml
2025-07-07T12:37:48.0204535+12:00 [FTL] (DropshipGetTickets/MMLAKL-TS/1) GetDropship_Orders failed to initialise odoo object
2025-07-07T22:51:06.1939059+12:00 [FTL] (DropshipGetTickets/MMLAKL-TS/1) OrderPickStatus failed to initialise odoo object
