2025-08-04T11:36:26.6465248+12:00 [INF] (DropshipGetTickets/MMLAKL-TS/1) DropshipGetTickets started
2025-08-04T11:36:41.5408440+12:00 [DBG] (DropshipGetTickets/MMLAKL-TS/1) btnGetConsignment_Click - Requesting consignment from Aramex API with SOAP body
{"To":{"ContactName":"Amy Shackleton","PhoneNumber":"0212171646","Email":"","Reference":"31226660","SpecialInstructions":"","Address":{"StreetAddress":"31 Woodhouse Road, RD 4","Locality":"Pukekohe","StateOrProvince":"","PostalCode":"2679","Country":"NZ"}},"Items":[{"Reference":"31226660","Quantity":1,"PackageType":"P","WeightDead":0,"WeightCubic":0,"Length":1,"Width":1,"Height":1,"EdiLineNo":""}],"InstructionsPublic":""}
2025-08-04T11:36:42.3777045+12:00 [ERR] (DropshipGetTickets/MMLAKL-TS/1) GetConsignmentTicket: Error occured during a POST on https://api.myfastway.co.nz/api/consignments 
 with status 400 BadRequest - Request failed with status code BadRequest
	VAL_RANGE - 'WeightDead' is not valid.
2025-08-04T11:36:43.8092535+12:00 [WRN] (DropshipGetTickets/MMLAKL-TS/1) btnGetConsignment_Click - Failed to get consignment with error
GetConsignmentTicket: Error occured during a POST on https://api.myfastway.co.nz/api/consignments 
 with status 400 BadRequest - Request failed with status code BadRequest
	VAL_RANGE - 'WeightDead' is not valid.
2025-08-04T11:36:49.3121905+12:00 [DBG] (DropshipGetTickets/MMLAKL-TS/1) btnGetConsignment_Click - Requesting consignment from Aramex API with SOAP body
{"To":{"ContactName":"Amy Shackleton","PhoneNumber":"0212171646","Email":"","Reference":"31226660","SpecialInstructions":"","Address":{"StreetAddress":"31 Woodhouse Road, RD 4","Locality":"Pukekohe","StateOrProvince":"","PostalCode":"2679","Country":"NZ"}},"Items":[{"Reference":"31226660","Quantity":1,"PackageType":"P","WeightDead":5,"WeightCubic":0.2,"Length":1,"Width":1,"Height":1,"EdiLineNo":""}],"InstructionsPublic":""}
2025-08-04T11:36:49.8170410+12:00 [INF] (DropshipGetTickets/MMLAKL-TS/1) btnGetConsignment_Click - Successfully got consignment 121779560 response
2025-08-04T11:36:49.8238765+12:00 [DBG] (DropshipGetTickets/MMLAKL-TS/1) btnGetConsignment_Click - SOAP response for consignment 121779560 was:
AramexAPI.Data
2025-08-04T11:36:56.7980395+12:00 [INF] (DropshipGetTickets/MMLAKL-TS/1) PrintLabel - succeeded
2025-08-04T11:36:57.2247700+12:00 [INF] (DropshipGetTickets/MMLAKL-TS/1) SendDespatchNote - Built EDI DN successfully
2025-08-04T11:36:57.2247700+12:00 [DBG] (DropshipGetTickets/MMLAKL-TS/1) SendDespatchNote - EDI DN content:
<?xml version="1.0" encoding="UTF-8"?>
<WMMBID02>
<IDOC BEGIN="1">
<EDI_DC40 SEGMENT="1">
<TABNAM>EDI_DC40</TABNAM>
<MANDT>120</MANDT>
<DOCNUM>0000000093637992</DOCNUM>
<DOCREL>750</DOCREL>
<STATUS>53</STATUS>
<DIRECT>2</DIRECT>
<OUTMOD></OUTMOD>
<IDOCTYP>WMMBID02</IDOCTYP>
<MESTYP>WMMBXY</MESTYP>
<SNDPOR>SAPBRP</SNDPOR>
<SNDPRT>LI</SNDPRT>
<SNDPFC>LF</SNDPFC>
<SNDPRN>0000300276</SNDPRN>
<RCVPOR>SAPBRP</RCVPOR>
<RCVPRT>LS</RCVPRT>
<RCVPRN>BRPCLNT300</RCVPRN>
<CREDAT>20250804</CREDAT>
<CRETIM>113656</CRETIM>
</EDI_DC40>
<E1MBXYH SEGMENT="1">
<BLDAT>20250804</BLDAT>
<BUDAT>20250804</BUDAT>
<XBLNR>20250804113656</XBLNR>
<BKTXT>10</BKTXT>
<FRBNR>MX0026682815</FRBNR>
<TCODE>MB01</TCODE>
<E1MBXYI SEGMENT="1">
<MATNR>000000000001119606</MATNR>
<WERKS>1199</WERKS>
<LGORT>0001</LGORT>
<BWART>101</BWART>
<ERFMG>1.000</ERFMG>
<ERFME>EA</ERFME>
<EBELN>6500310000_0001</EBELN>
<EBELP>00010</EBELP>
<ELIKZ>X</ELIKZ>
<KZBEW>B</KZBEW>
</E1MBXYI>
</E1MBXYH>
</IDOC>
</WMMBID02>

2025-08-04T11:36:57.3282790+12:00 [DBG] (DropshipGetTickets/MMLAKL-TS/1) SendDespatchNote - Save ASN to C:\Dropship\Outbox\DN_PO_Briscoes_MML_6500310000_0001_20250804113656842.xml with content
<ORDERSEXT><IDOC BEGIN="1"><EDI_DC40 SEGMENT="1"><TABNAM>EDI_DC40</TABNAM><MANDT>300</MANDT><DOCNUM>0000000093637992</DOCNUM><DOCREL>702</DOCREL><STATUS>30</STATUS><DIRECT>1</DIRECT><OUTMOD>2</OUTMOD><IDOCTYP>ORDERS05</IDOCTYP><CIMTYP>ORDERSEXT</CIMTYP><MESTYP>ORDERS</MESTYP><STD>E</STD><STDMES>ORDERS</STDMES><SNDPOR>SAPBRP</SNDPOR><SNDPRT>LS</SNDPRT><SNDPRN>BRPCLNT300</SNDPRN><RCVPOR>EDIORDERS</RCVPOR><RCVPRT>LI</RCVPRT><RCVPFC>LF</RCVPFC><RCVPRN>0000300276</RCVPRN><CREDAT>20250727</CREDAT><CRETIM>214649</CRETIM><SERIAL>20250727214649</SERIAL></EDI_DC40><E1EDK01 SEGMENT="1"><KZABS>X</KZABS><CURCY>NZD</CURCY><HWAER>NZD</HWAER><WKURS>1.00000</WKURS><ZTERM>Z002</ZTERM><BSART>ZDSP</BSART><BELNR>6500310000_0001</BELNR><RECIPNT_NO>0000300276</RECIPNT_NO></E1EDK01><E1EDK14 SEGMENT="1"><QUALF>014</QUALF><ORGID>1000</ORGID></E1EDK14><E1EDK14 SEGMENT="1"><QUALF>009</QUALF><ORGID>B03</ORGID></E1EDK14><E1EDK14 SEGMENT="1"><QUALF>013</QUALF><ORGID>640</ORGID></E1EDK14><E1EDK14 SEGMENT="1"><QUALF>011</QUALF><ORGID>CC01</ORGID></E1EDK14><E1EDK03 SEGMENT="1"><IDDAT>012</IDDAT><DATUM>20250727</DATUM></E1EDK03><E1EDK03 SEGMENT="1"><IDDAT>011</IDDAT><DATUM>20250727</DATUM></E1EDK03><E1EDKA1 SEGMENT="1"><PARVW>AG</PARVW><PARTN>14105</PARTN><BNAME>Trish McGinty</BNAME><PAORG>1000</PAORG><ORGTX>Briscoe Group Ltd</ORGTX><PAGRU>B03</PAGRU><TELF1>09 8153731</TELF1></E1EDKA1><E1EDKA1 SEGMENT="1"><PARVW>LF</PARVW><PARTN>0000300276</PARTN><SPRAS>E</SPRAS><SPRAS_ISO>EN</SPRAS_ISO></E1EDKA1><E1EDKA1 SEGMENT="1"><PARVW>WE</PARVW><LIFNR>1199</LIFNR><NAME1>Amy Shackleton</NAME1><STRAS>31 Woodhouse Road, RD 4</STRAS><ORT01>Pukekohe</ORT01><PSTLZ>2679</PSTLZ><LAND1>NZ</LAND1><TELF1>0212171646</TELF1><SPRAS>E</SPRAS><ORT02>Pukekohe</ORT02><SPRAS_ISO>EN</SPRAS_ISO></E1EDKA1><E1EDK02 SEGMENT="1"><QUALF>001</QUALF><BELNR>6500310000_0001</BELNR><DATUM>20250727</DATUM><UZEIT>214528</UZEIT></E1EDK02><E1EDP01 SEGMENT="1"><POSEX>00010</POSEX><ACTION>001</ACTION><PSTYP>0</PSTYP><KZABS>X</KZABS><MENGE>1.000</MENGE><MENEE>EA</MENEE><BMNG2>1.000</BMNG2><PMENE>EA</PMENE><VPREI>8.57</VPREI><PEINH>1</PEINH><NETWR>8.57</NETWR><GEWEI>KGM</GEWEI><MATKL>115059930</MATKL><BPUMN>1</BPUMN><BPUMZ>1</BPUMZ><BRGEW>0.25</BRGEW><WERKS>1199</WERKS><LGORT>0001</LGORT><ZE1EDP01 SEGMENT="1"><ATTYP>00</ATTYP><ZDS_NETPR>10.49</ZDS_NETPR><ZDS_NETVAL>10.49</ZDS_NETVAL><ZDS_BSTNK>31226660</ZDS_BSTNK></ZE1EDP01><E1EDP20 SEGMENT="1"><WMENG>1.000</WMENG><AMENG>0.000</AMENG><EDATU>20250804</EDATU></E1EDP20><E1EDP19 SEGMENT="1"><QUALF>002</QUALF><IDTNR>BDRBALL1-1</IDTNR></E1EDP19><E1EDP19 SEGMENT="1"><QUALF>001</QUALF><IDTNR>000000000001119606</IDTNR><KTEXT>DS Dog Treats BLD Roo Meat Balls 250g</KTEXT></E1EDP19><E1EDP19 SEGMENT="1"><QUALF>003</QUALF><IDTNR>9319993801183</IDTNR></E1EDP19><E1EDPT1 SEGMENT="1"><TDID>ZDSH</TDID><TSSPRAS>E</TSSPRAS><TSSPRAS_ISO>EN</TSSPRAS_ISO></E1EDPT1></E1EDP01><E1EDS01 SEGMENT="1"><SUMID>002</SUMID><SUMME>8.57</SUMME><SUNIT>NZD</SUNIT></E1EDS01></IDOC></ORDERSEXT>
2025-08-04T11:36:57.3292555+12:00 [DBG] (DropshipGetTickets/MMLAKL-TS/1) SendDespatchNote - FTP ASN file C:\Dropship\Outbox\DN_PO_Briscoes_MML_6500310000_0001_20250804113656842.xml to host ftp://post.edis.co.nz//ToEDIS
2025-08-04T11:36:57.6798190+12:00 [INF] (DropshipGetTickets/MMLAKL-TS/1) SendDespatchNote - FTP ASN file C:\Dropship\Outbox\DN_PO_Briscoes_MML_6500310000_0001_20250804113656842.xml to host ftp://post.edis.co.nz//ToEDIS succeeded
2025-08-04T11:36:57.6807955+12:00 [DBG] (DropshipGetTickets/MMLAKL-TS/1) SendDespatchNote - ASN file C:\Dropship\Outbox\DN_PO_Briscoes_MML_6500310000_0001_20250804113656842.xml is being moved to success
2025-08-04T11:36:57.6847015+12:00 [INF] (DropshipGetTickets/MMLAKL-TS/1) SendDespatchNote - ASN file C:\Dropship\Outbox\DN_PO_Briscoes_MML_6500310000_0001_20250804113656842.xml moved successfully to success
2025-08-04T11:36:57.8624245+12:00 [DBG] (DropshipGetTickets/MMLAKL-TS/1) SendDespatchNote - Created entry in SQL for EDI DN C:\Dropship\Outbox\success\DN_PO_Briscoes_MML_6500310000_0001_20250804113656842.xml
2025-08-04T22:11:16.6267177+12:00 [FTL] (DropshipGetTickets/MMLAKL-TS/1) OrderPickStatus failed to initialise odoo object
