2025-07-21T14:29:06.4510908+12:00 [INF] (DropshipGetTickets/MMLAKL-TS/1) DropshipGetTickets started
2025-07-21T14:29:31.3094307+12:00 [DBG] (DropshipGetTickets/MMLAKL-TS/1) btnGetConsignment_Click - Requesting consignment from Aramex API with SOAP body
{"To":{"ContactName":"Chantelle Whitehead","PhoneNumber":"0224707234","Email":"","Reference":"31068238","SpecialInstructions":"","Address":{"StreetAddress":"6 Waterson Lane","Locality":"Nelson","StateOrProvince":"","PostalCode":"7011","Country":"NZ"}},"Items":[{"Reference":"31068238","Quantity":1,"PackageType":"P","WeightDead":0.11000000,"WeightCubic":0.043736,"Length":1,"Width":1,"Height":1,"EdiLineNo":""}],"InstructionsPublic":""}
2025-07-21T14:29:32.5878001+12:00 [INF] (DropshipGetTickets/MMLAKL-TS/1) btnGetConsignment_Click - Successfully got consignment 120127129 response
2025-07-21T14:29:32.5946363+12:00 [DBG] (DropshipGetTickets/MMLAKL-TS/1) btnGetConsignment_Click - SOAP response for consignment 120127129 was:
AramexAPI.Data
2025-07-21T14:29:40.7697549+12:00 [INF] (DropshipGetTickets/MMLAKL-TS/1) PrintLabel - succeeded
2025-07-21T14:29:41.2053185+12:00 [INF] (DropshipGetTickets/MMLAKL-TS/1) SendDespatchNote - Built EDI DN successfully
2025-07-21T14:29:41.2053185+12:00 [DBG] (DropshipGetTickets/MMLAKL-TS/1) SendDespatchNote - EDI DN content:
<?xml version="1.0" encoding="UTF-8"?>
<WMMBID02>
<IDOC BEGIN="1">
<EDI_DC40 SEGMENT="1">
<TABNAM>EDI_DC40</TABNAM>
<MANDT>120</MANDT>
<DOCNUM>0000000093616660</DOCNUM>
<DOCREL>750</DOCREL>
<STATUS>53</STATUS>
<DIRECT>2</DIRECT>
<OUTMOD></OUTMOD>
<IDOCTYP>WMMBID02</IDOCTYP>
<MESTYP>WMMBXY</MESTYP>
<SNDPOR>SAPBRP</SNDPOR>
<SNDPRT>LI</SNDPRT>
<SNDPFC>LF</SNDPFC>
<SNDPRN>0000300276</SNDPRN>
<RCVPOR>SAPBRP</RCVPOR>
<RCVPRT>LS</RCVPRT>
<RCVPRN>BRPCLNT300</RCVPRN>
<CREDAT>20250721</CREDAT>
<CRETIM>142940</CRETIM>
</EDI_DC40>
<E1MBXYH SEGMENT="1">
<BLDAT>20250721</BLDAT>
<BUDAT>20250721</BUDAT>
<XBLNR>20250721142940</XBLNR>
<BKTXT>10</BKTXT>
<FRBNR>MX0026233265</FRBNR>
<TCODE>MB01</TCODE>
<E1MBXYI SEGMENT="1">
<MATNR>000000000001106354</MATNR>
<WERKS>1199</WERKS>
<LGORT>0001</LGORT>
<BWART>101</BWART>
<ERFMG>1.000</ERFMG>
<ERFME>EA</ERFME>
<EBELN>6500307174_0001</EBELN>
<EBELP>00010</EBELP>
<ELIKZ>X</ELIKZ>
<KZBEW>B</KZBEW>
</E1MBXYI>
</E1MBXYH>
</IDOC>
</WMMBID02>

2025-07-21T14:29:41.3625511+12:00 [DBG] (DropshipGetTickets/MMLAKL-TS/1) SendDespatchNote - Save ASN to C:\Dropship\Outbox\DN_PO_Briscoes_MML_6500307174_0001_20250721142940806.xml with content
<ORDERSEXT><IDOC BEGIN="1"><EDI_DC40 SEGMENT="1"><TABNAM>EDI_DC40</TABNAM><MANDT>300</MANDT><DOCNUM>0000000093616660</DOCNUM><DOCREL>702</DOCREL><STATUS>30</STATUS><DIRECT>1</DIRECT><OUTMOD>2</OUTMOD><IDOCTYP>ORDERS05</IDOCTYP><CIMTYP>ORDERSEXT</CIMTYP><MESTYP>ORDERS</MESTYP><STD>E</STD><STDMES>ORDERS</STDMES><SNDPOR>SAPBRP</SNDPOR><SNDPRT>LS</SNDPRT><SNDPRN>BRPCLNT300</SNDPRN><RCVPOR>EDIORDERS</RCVPOR><RCVPRT>LI</RCVPRT><RCVPFC>LF</RCVPFC><RCVPRN>0000300276</RCVPRN><CREDAT>20250719</CREDAT><CRETIM>150129</CRETIM><SERIAL>20250719150129</SERIAL></EDI_DC40><E1EDK01 SEGMENT="1"><KZABS>X</KZABS><CURCY>NZD</CURCY><HWAER>NZD</HWAER><WKURS>1.00000</WKURS><ZTERM>Z002</ZTERM><BSART>ZDSP</BSART><BELNR>6500307174_0001</BELNR><RECIPNT_NO>0000300276</RECIPNT_NO></E1EDK01><E1EDK14 SEGMENT="1"><QUALF>014</QUALF><ORGID>1000</ORGID></E1EDK14><E1EDK14 SEGMENT="1"><QUALF>009</QUALF><ORGID>B03</ORGID></E1EDK14><E1EDK14 SEGMENT="1"><QUALF>013</QUALF><ORGID>640</ORGID></E1EDK14><E1EDK14 SEGMENT="1"><QUALF>011</QUALF><ORGID>CC01</ORGID></E1EDK14><E1EDK03 SEGMENT="1"><IDDAT>012</IDDAT><DATUM>20250719</DATUM></E1EDK03><E1EDK03 SEGMENT="1"><IDDAT>011</IDDAT><DATUM>20250719</DATUM></E1EDK03><E1EDKA1 SEGMENT="1"><PARVW>AG</PARVW><PARTN>14105</PARTN><BNAME>Trish McGinty</BNAME><PAORG>1000</PAORG><ORGTX>Briscoe Group Ltd</ORGTX><PAGRU>B03</PAGRU><TELF1>09 8153731</TELF1></E1EDKA1><E1EDKA1 SEGMENT="1"><PARVW>LF</PARVW><PARTN>0000300276</PARTN><SPRAS>E</SPRAS><SPRAS_ISO>EN</SPRAS_ISO></E1EDKA1><E1EDKA1 SEGMENT="1"><PARVW>WE</PARVW><LIFNR>1199</LIFNR><NAME1>Chantelle Whitehead</NAME1><STRAS>6 Waterson Lane</STRAS><ORT01>Nelson</ORT01><PSTLZ>7011</PSTLZ><LAND1>NZ</LAND1><TELF1>0224707234</TELF1><SPRAS>E</SPRAS><ORT02>Stoke</ORT02><SPRAS_ISO>EN</SPRAS_ISO></E1EDKA1><E1EDK02 SEGMENT="1"><QUALF>001</QUALF><BELNR>6500307174_0001</BELNR><DATUM>20250719</DATUM><UZEIT>150023</UZEIT></E1EDK02><E1EDP01 SEGMENT="1"><POSEX>00010</POSEX><ACTION>001</ACTION><PSTYP>0</PSTYP><KZABS>X</KZABS><MENGE>1.000</MENGE><MENEE>EA</MENEE><BMNG2>1.000</BMNG2><PMENE>EA</PMENE><VPREI>7.00</VPREI><PEINH>1</PEINH><NETWR>7.00</NETWR><GEWEI>KGM</GEWEI><MATKL>115059925</MATKL><BPUMN>1</BPUMN><BPUMZ>1</BPUMZ><BRGEW /><WERKS>1199</WERKS><LGORT>0001</LGORT><ZE1EDP01 SEGMENT="1"><ATTYP>00</ATTYP><ZDS_NETPR>13.99</ZDS_NETPR><ZDS_NETVAL>13.99</ZDS_NETVAL><ZDS_BSTNK>31068238</ZDS_BSTNK></ZE1EDP01><E1EDP20 SEGMENT="1"><WMENG>1.000</WMENG><AMENG>0.000</AMENG><EDATU>20250728</EDATU></E1EDP20><E1EDP19 SEGMENT="1"><QUALF>002</QUALF><IDTNR>RCCCDTMUL</IDTNR></E1EDP19><E1EDP19 SEGMENT="1"><QUALF>001</QUALF><IDTNR>000000000001106354</IDTNR><KTEXT>DS Dog Toy RCO Clean &amp; Chew Dental Mint</KTEXT></E1EDP19><E1EDP19 SEGMENT="1"><QUALF>003</QUALF><IDTNR>2050003314206</IDTNR></E1EDP19><E1EDPT1 SEGMENT="1"><TDID>ZDSH</TDID><TSSPRAS>E</TSSPRAS><TSSPRAS_ISO>EN</TSSPRAS_ISO></E1EDPT1></E1EDP01><E1EDS01 SEGMENT="1"><SUMID>002</SUMID><SUMME>7.00</SUMME><SUNIT>NZD</SUNIT></E1EDS01></IDOC></ORDERSEXT>
2025-07-21T14:29:41.3645043+12:00 [DBG] (DropshipGetTickets/MMLAKL-TS/1) SendDespatchNote - FTP ASN file C:\Dropship\Outbox\DN_PO_Briscoes_MML_6500307174_0001_20250721142940806.xml to host ftp://post.edis.co.nz//ToEDIS
2025-07-21T14:29:41.7229165+12:00 [INF] (DropshipGetTickets/MMLAKL-TS/1) SendDespatchNote - FTP ASN file C:\Dropship\Outbox\DN_PO_Briscoes_MML_6500307174_0001_20250721142940806.xml to host ftp://post.edis.co.nz//ToEDIS succeeded
2025-07-21T14:29:41.7238931+12:00 [DBG] (DropshipGetTickets/MMLAKL-TS/1) SendDespatchNote - ASN file C:\Dropship\Outbox\DN_PO_Briscoes_MML_6500307174_0001_20250721142940806.xml is being moved to success
2025-07-21T14:29:41.7277995+12:00 [INF] (DropshipGetTickets/MMLAKL-TS/1) SendDespatchNote - ASN file C:\Dropship\Outbox\DN_PO_Briscoes_MML_6500307174_0001_20250721142940806.xml moved successfully to success
2025-07-21T14:29:41.9104237+12:00 [DBG] (DropshipGetTickets/MMLAKL-TS/1) SendDespatchNote - Created entry in SQL for EDI DN C:\Dropship\Outbox\success\DN_PO_Briscoes_MML_6500307174_0001_20250721142940806.xml
2025-07-21T14:29:59.3925403+12:00 [DBG] (DropshipGetTickets/MMLAKL-TS/1) btnGetConsignment_Click - Requesting consignment from Aramex API with SOAP body
{"To":{"ContactName":"Emily Quayle","PhoneNumber":"021523022","Email":"","Reference":"31062313","SpecialInstructions":"","Address":{"StreetAddress":"29 Ruru Street, Waikanae 5036","Locality":"Waikanae","StateOrProvince":"","PostalCode":"5036","Country":"NZ"}},"Items":[{"Reference":"31062313","Quantity":1,"PackageType":"P","WeightDead":0.11000000,"WeightCubic":0.043736,"Length":1,"Width":1,"Height":1,"EdiLineNo":""}],"InstructionsPublic":""}
2025-07-21T14:29:59.7939229+12:00 [INF] (DropshipGetTickets/MMLAKL-TS/1) btnGetConsignment_Click - Successfully got consignment 120127243 response
2025-07-21T14:29:59.7939229+12:00 [DBG] (DropshipGetTickets/MMLAKL-TS/1) btnGetConsignment_Click - SOAP response for consignment 120127243 was:
AramexAPI.Data
2025-07-21T14:30:15.2417817+12:00 [INF] (DropshipGetTickets/MMLAKL-TS/1) PrintLabel - succeeded
2025-07-21T14:30:15.2505711+12:00 [INF] (DropshipGetTickets/MMLAKL-TS/1) SendDespatchNote - Built EDI DN successfully
2025-07-21T14:30:15.2505711+12:00 [DBG] (DropshipGetTickets/MMLAKL-TS/1) SendDespatchNote - EDI DN content:
<?xml version="1.0" encoding="UTF-8"?>
<WMMBID02>
<IDOC BEGIN="1">
<EDI_DC40 SEGMENT="1">
<TABNAM>EDI_DC40</TABNAM>
<MANDT>120</MANDT>
<DOCNUM>0000000093616468</DOCNUM>
<DOCREL>750</DOCREL>
<STATUS>53</STATUS>
<DIRECT>2</DIRECT>
<OUTMOD></OUTMOD>
<IDOCTYP>WMMBID02</IDOCTYP>
<MESTYP>WMMBXY</MESTYP>
<SNDPOR>SAPBRP</SNDPOR>
<SNDPRT>LI</SNDPRT>
<SNDPFC>LF</SNDPFC>
<SNDPRN>0000300276</SNDPRN>
<RCVPOR>SAPBRP</RCVPOR>
<RCVPRT>LS</RCVPRT>
<RCVPRN>BRPCLNT300</RCVPRN>
<CREDAT>20250721</CREDAT>
<CRETIM>143015</CRETIM>
</EDI_DC40>
<E1MBXYH SEGMENT="1">
<BLDAT>20250721</BLDAT>
<BUDAT>20250721</BUDAT>
<XBLNR>20250721143015</XBLNR>
<BKTXT>10</BKTXT>
<FRBNR>MX0026233287</FRBNR>
<TCODE>MB01</TCODE>
<E1MBXYI SEGMENT="1">
<MATNR>000000000001106354</MATNR>
<WERKS>1199</WERKS>
<LGORT>0001</LGORT>
<BWART>101</BWART>
<ERFMG>1.000</ERFMG>
<ERFME>EA</ERFME>
<EBELN>6500307048_0001</EBELN>
<EBELP>00010</EBELP>
<ELIKZ>X</ELIKZ>
<KZBEW>B</KZBEW>
</E1MBXYI>
</E1MBXYH>
</IDOC>
</WMMBID02>

2025-07-21T14:30:15.4048739+12:00 [DBG] (DropshipGetTickets/MMLAKL-TS/1) SendDespatchNote - Save ASN to C:\Dropship\Outbox\DN_PO_Briscoes_MML_6500307048_0001_20250721143015247.xml with content
<ORDERSEXT><IDOC BEGIN="1"><EDI_DC40 SEGMENT="1"><TABNAM>EDI_DC40</TABNAM><MANDT>300</MANDT><DOCNUM>0000000093616468</DOCNUM><DOCREL>702</DOCREL><STATUS>30</STATUS><DIRECT>1</DIRECT><OUTMOD>2</OUTMOD><IDOCTYP>ORDERS05</IDOCTYP><CIMTYP>ORDERSEXT</CIMTYP><MESTYP>ORDERS</MESTYP><STD>E</STD><STDMES>ORDERS</STDMES><SNDPOR>SAPBRP</SNDPOR><SNDPRT>LS</SNDPRT><SNDPRN>BRPCLNT300</SNDPRN><RCVPOR>EDIORDERS</RCVPOR><RCVPRT>LI</RCVPRT><RCVPFC>LF</RCVPFC><RCVPRN>0000300276</RCVPRN><CREDAT>20250719</CREDAT><CRETIM>114615</CRETIM><SERIAL>20250719114615</SERIAL></EDI_DC40><E1EDK01 SEGMENT="1"><KZABS>X</KZABS><CURCY>NZD</CURCY><HWAER>NZD</HWAER><WKURS>1.00000</WKURS><ZTERM>Z002</ZTERM><BSART>ZDSP</BSART><BELNR>6500307048_0001</BELNR><RECIPNT_NO>0000300276</RECIPNT_NO></E1EDK01><E1EDK14 SEGMENT="1"><QUALF>014</QUALF><ORGID>1000</ORGID></E1EDK14><E1EDK14 SEGMENT="1"><QUALF>009</QUALF><ORGID>B03</ORGID></E1EDK14><E1EDK14 SEGMENT="1"><QUALF>013</QUALF><ORGID>640</ORGID></E1EDK14><E1EDK14 SEGMENT="1"><QUALF>011</QUALF><ORGID>CC01</ORGID></E1EDK14><E1EDK03 SEGMENT="1"><IDDAT>012</IDDAT><DATUM>20250719</DATUM></E1EDK03><E1EDK03 SEGMENT="1"><IDDAT>011</IDDAT><DATUM>20250719</DATUM></E1EDK03><E1EDKA1 SEGMENT="1"><PARVW>AG</PARVW><PARTN>14105</PARTN><BNAME>Trish McGinty</BNAME><PAORG>1000</PAORG><ORGTX>Briscoe Group Ltd</ORGTX><PAGRU>B03</PAGRU><TELF1>09 8153731</TELF1></E1EDKA1><E1EDKA1 SEGMENT="1"><PARVW>LF</PARVW><PARTN>0000300276</PARTN><SPRAS>E</SPRAS><SPRAS_ISO>EN</SPRAS_ISO></E1EDKA1><E1EDKA1 SEGMENT="1"><PARVW>WE</PARVW><LIFNR>1199</LIFNR><NAME1>Emily Quayle</NAME1><STRAS>29 Ruru Street, Waikanae 5036</STRAS><ORT01>Waikanae</ORT01><PSTLZ>5036</PSTLZ><LAND1>NZ</LAND1><TELF1>021523022</TELF1><SPRAS>E</SPRAS><ORT02>Waikanae</ORT02><SPRAS_ISO>EN</SPRAS_ISO></E1EDKA1><E1EDK02 SEGMENT="1"><QUALF>001</QUALF><BELNR>6500307048_0001</BELNR><DATUM>20250719</DATUM><UZEIT>114520</UZEIT></E1EDK02><E1EDP01 SEGMENT="1"><POSEX>00010</POSEX><ACTION>001</ACTION><PSTYP>0</PSTYP><KZABS>X</KZABS><MENGE>1.000</MENGE><MENEE>EA</MENEE><BMNG2>1.000</BMNG2><PMENE>EA</PMENE><VPREI>7.00</VPREI><PEINH>1</PEINH><NETWR>7.00</NETWR><GEWEI>KGM</GEWEI><MATKL>115059925</MATKL><BPUMN>1</BPUMN><BPUMZ>1</BPUMZ><BRGEW /><WERKS>1199</WERKS><LGORT>0001</LGORT><ZE1EDP01 SEGMENT="1"><ATTYP>00</ATTYP><ZDS_NETPR>13.99</ZDS_NETPR><ZDS_NETVAL>13.99</ZDS_NETVAL><ZDS_BSTNK>31062313</ZDS_BSTNK></ZE1EDP01><E1EDP20 SEGMENT="1"><WMENG>1.000</WMENG><AMENG>0.000</AMENG><EDATU>20250728</EDATU></E1EDP20><E1EDP19 SEGMENT="1"><QUALF>002</QUALF><IDTNR>RCCCDTMUL</IDTNR></E1EDP19><E1EDP19 SEGMENT="1"><QUALF>001</QUALF><IDTNR>000000000001106354</IDTNR><KTEXT>DS Dog Toy RCO Clean &amp; Chew Dental Mint</KTEXT></E1EDP19><E1EDP19 SEGMENT="1"><QUALF>003</QUALF><IDTNR>2050003314206</IDTNR></E1EDP19><E1EDPT1 SEGMENT="1"><TDID>ZDSH</TDID><TSSPRAS>E</TSSPRAS><TSSPRAS_ISO>EN</TSSPRAS_ISO></E1EDPT1></E1EDP01><E1EDS01 SEGMENT="1"><SUMID>002</SUMID><SUMME>7.00</SUMME><SUNIT>NZD</SUNIT></E1EDS01></IDOC></ORDERSEXT>
2025-07-21T14:30:15.4058505+12:00 [DBG] (DropshipGetTickets/MMLAKL-TS/1) SendDespatchNote - FTP ASN file C:\Dropship\Outbox\DN_PO_Briscoes_MML_6500307048_0001_20250721143015247.xml to host ftp://post.edis.co.nz//ToEDIS
2025-07-21T14:30:15.5396447+12:00 [INF] (DropshipGetTickets/MMLAKL-TS/1) SendDespatchNote - FTP ASN file C:\Dropship\Outbox\DN_PO_Briscoes_MML_6500307048_0001_20250721143015247.xml to host ftp://post.edis.co.nz//ToEDIS succeeded
2025-07-21T14:30:15.5406213+12:00 [DBG] (DropshipGetTickets/MMLAKL-TS/1) SendDespatchNote - ASN file C:\Dropship\Outbox\DN_PO_Briscoes_MML_6500307048_0001_20250721143015247.xml is being moved to success
2025-07-21T14:30:15.5415979+12:00 [INF] (DropshipGetTickets/MMLAKL-TS/1) SendDespatchNote - ASN file C:\Dropship\Outbox\DN_PO_Briscoes_MML_6500307048_0001_20250721143015247.xml moved successfully to success
2025-07-21T14:30:15.5708959+12:00 [DBG] (DropshipGetTickets/MMLAKL-TS/1) SendDespatchNote - Created entry in SQL for EDI DN C:\Dropship\Outbox\success\DN_PO_Briscoes_MML_6500307048_0001_20250721143015247.xml
2025-07-21T14:34:12.1622614+12:00 [DBG] (DropshipGetTickets/MMLAKL-TS/1) btnGetConsignment_Click - Requesting consignment from Aramex API with SOAP body
{"To":{"ContactName":"John Rogers","PhoneNumber":"0272716720","Email":"","Reference":"31062764","SpecialInstructions":"please leave at front door behind table","Address":{"StreetAddress":"29 Millais Street","Locality":"Auckland","StateOrProvince":"","PostalCode":"1021","Country":"NZ"}},"Items":[{"Reference":"31062764","Quantity":1,"PackageType":"P","WeightDead":0.11000000,"WeightCubic":0.043736,"Length":1,"Width":1,"Height":1,"EdiLineNo":""},{"Reference":"31062764","Quantity":1,"PackageType":"P","WeightDead":0.1,"WeightCubic":0.2,"Length":1,"Width":1,"Height":1,"EdiLineNo":""}],"InstructionsPublic":"please leave at front door behind table"}
2025-07-21T14:34:14.3419768+12:00 [INF] (DropshipGetTickets/MMLAKL-TS/1) btnGetConsignment_Click - Successfully got consignment 120128160 response
2025-07-21T14:34:14.3419768+12:00 [DBG] (DropshipGetTickets/MMLAKL-TS/1) btnGetConsignment_Click - SOAP response for consignment 120128160 was:
AramexAPI.Data
2025-07-21T14:34:22.1428579+12:00 [INF] (DropshipGetTickets/MMLAKL-TS/1) PrintLabel - succeeded
2025-07-21T14:34:22.1545768+12:00 [INF] (DropshipGetTickets/MMLAKL-TS/1) SendDespatchNote - Built EDI DN successfully
2025-07-21T14:34:22.1545768+12:00 [DBG] (DropshipGetTickets/MMLAKL-TS/1) SendDespatchNote - EDI DN content:
<?xml version="1.0" encoding="UTF-8"?>
<WMMBID02>
<IDOC BEGIN="1">
<EDI_DC40 SEGMENT="1">
<TABNAM>EDI_DC40</TABNAM>
<MANDT>120</MANDT>
<DOCNUM>0000000093616488</DOCNUM>
<DOCREL>750</DOCREL>
<STATUS>53</STATUS>
<DIRECT>2</DIRECT>
<OUTMOD></OUTMOD>
<IDOCTYP>WMMBID02</IDOCTYP>
<MESTYP>WMMBXY</MESTYP>
<SNDPOR>SAPBRP</SNDPOR>
<SNDPRT>LI</SNDPRT>
<SNDPFC>LF</SNDPFC>
<SNDPRN>0000300276</SNDPRN>
<RCVPOR>SAPBRP</RCVPOR>
<RCVPRT>LS</RCVPRT>
<RCVPRN>BRPCLNT300</RCVPRN>
<CREDAT>20250721</CREDAT>
<CRETIM>143422</CRETIM>
</EDI_DC40>
<E1MBXYH SEGMENT="1">
<BLDAT>20250721</BLDAT>
<BUDAT>20250721</BUDAT>
<XBLNR>20250721143422</XBLNR>
<BKTXT>10</BKTXT>
<FRBNR>MX0026233525</FRBNR>
<TCODE>MB01</TCODE>
<E1MBXYI SEGMENT="1">
<MATNR>000000000001106354</MATNR>
<WERKS>1199</WERKS>
<LGORT>0001</LGORT>
<BWART>101</BWART>
<ERFMG>1.000</ERFMG>
<ERFME>EA</ERFME>
<EBELN>6500307064_0001</EBELN>
<EBELP>00010</EBELP>
<ELIKZ>X</ELIKZ>
<KZBEW>B</KZBEW>
</E1MBXYI>
<E1MBXYI SEGMENT="1">
<MATNR>000000000001106355</MATNR>
<WERKS>1199</WERKS>
<LGORT>0001</LGORT>
<BWART>101</BWART>
<ERFMG>1.000</ERFMG>
<ERFME>EA</ERFME>
<EBELN>6500307064_0001</EBELN>
<EBELP>00020</EBELP>
<ELIKZ>X</ELIKZ>
<KZBEW>B</KZBEW>
</E1MBXYI>
</E1MBXYH>
</IDOC>
</WMMBID02>

2025-07-21T14:34:22.2639532+12:00 [DBG] (DropshipGetTickets/MMLAKL-TS/1) SendDespatchNote - Save ASN to C:\Dropship\Outbox\DN_PO_Briscoes_MML_6500307064_0001_20250721143422150.xml with content
<ORDERSEXT><IDOC BEGIN="1"><EDI_DC40 SEGMENT="1"><TABNAM>EDI_DC40</TABNAM><MANDT>300</MANDT><DOCNUM>0000000093616488</DOCNUM><DOCREL>702</DOCREL><STATUS>30</STATUS><DIRECT>1</DIRECT><OUTMOD>2</OUTMOD><IDOCTYP>ORDERS05</IDOCTYP><CIMTYP>ORDERSEXT</CIMTYP><MESTYP>ORDERS</MESTYP><STD>E</STD><STDMES>ORDERS</STDMES><SNDPOR>SAPBRP</SNDPOR><SNDPRT>LS</SNDPRT><SNDPRN>BRPCLNT300</SNDPRN><RCVPOR>EDIORDERS</RCVPOR><RCVPRT>LI</RCVPRT><RCVPFC>LF</RCVPFC><RCVPRN>0000300276</RCVPRN><CREDAT>20250719</CREDAT><CRETIM>120119</CRETIM><SERIAL>20250719120119</SERIAL></EDI_DC40><E1EDK01 SEGMENT="1"><KZABS>X</KZABS><CURCY>NZD</CURCY><HWAER>NZD</HWAER><WKURS>1.00000</WKURS><ZTERM>Z002</ZTERM><BSART>ZDSP</BSART><BELNR>6500307064_0001</BELNR><RECIPNT_NO>0000300276</RECIPNT_NO></E1EDK01><E1EDK14 SEGMENT="1"><QUALF>014</QUALF><ORGID>1000</ORGID></E1EDK14><E1EDK14 SEGMENT="1"><QUALF>009</QUALF><ORGID>B03</ORGID></E1EDK14><E1EDK14 SEGMENT="1"><QUALF>013</QUALF><ORGID>640</ORGID></E1EDK14><E1EDK14 SEGMENT="1"><QUALF>011</QUALF><ORGID>CC01</ORGID></E1EDK14><E1EDK03 SEGMENT="1"><IDDAT>012</IDDAT><DATUM>20250719</DATUM></E1EDK03><E1EDK03 SEGMENT="1"><IDDAT>011</IDDAT><DATUM>20250719</DATUM></E1EDK03><E1EDKA1 SEGMENT="1"><PARVW>AG</PARVW><PARTN>14105</PARTN><BNAME>Trish McGinty</BNAME><PAORG>1000</PAORG><ORGTX>Briscoe Group Ltd</ORGTX><PAGRU>B03</PAGRU><TELF1>09 8153731</TELF1></E1EDKA1><E1EDKA1 SEGMENT="1"><PARVW>LF</PARVW><PARTN>0000300276</PARTN><SPRAS>E</SPRAS><SPRAS_ISO>EN</SPRAS_ISO></E1EDKA1><E1EDKA1 SEGMENT="1"><PARVW>WE</PARVW><LIFNR>1199</LIFNR><NAME1>John Rogers</NAME1><STRAS>29 Millais Street</STRAS><ORT01>Auckland</ORT01><PSTLZ>1021</PSTLZ><LAND1>NZ</LAND1><TELF1>0272716720</TELF1><SPRAS>E</SPRAS><ORT02>Grey Lynn</ORT02><SPRAS_ISO>EN</SPRAS_ISO></E1EDKA1><E1EDK02 SEGMENT="1"><QUALF>001</QUALF><BELNR>6500307064_0001</BELNR><DATUM>20250719</DATUM><UZEIT>120022</UZEIT></E1EDK02><E1EDP01 SEGMENT="1"><POSEX>00010</POSEX><ACTION>001</ACTION><PSTYP>0</PSTYP><KZABS>X</KZABS><MENGE>1.000</MENGE><MENEE>EA</MENEE><BMNG2>1.000</BMNG2><PMENE>EA</PMENE><VPREI>7.00</VPREI><PEINH>1</PEINH><NETWR>7.00</NETWR><GEWEI>KGM</GEWEI><MATKL>115059925</MATKL><BPUMN>1</BPUMN><BPUMZ>1</BPUMZ><BRGEW /><WERKS>1199</WERKS><LGORT>0001</LGORT><ZE1EDP01 SEGMENT="1"><ATTYP>00</ATTYP><ZDS_NETPR>13.99</ZDS_NETPR><ZDS_NETVAL>13.99</ZDS_NETVAL><ZDS_BSTNK>31062764</ZDS_BSTNK></ZE1EDP01><E1EDP20 SEGMENT="1"><WMENG>1.000</WMENG><AMENG>0.000</AMENG><EDATU>20250728</EDATU></E1EDP20><E1EDP19 SEGMENT="1"><QUALF>002</QUALF><IDTNR>RCCCDTMUL</IDTNR></E1EDP19><E1EDP19 SEGMENT="1"><QUALF>001</QUALF><IDTNR>000000000001106354</IDTNR><KTEXT>DS Dog Toy RCO Clean &amp; Chew Dental Mint</KTEXT></E1EDP19><E1EDP19 SEGMENT="1"><QUALF>003</QUALF><IDTNR>2050003314206</IDTNR></E1EDP19><E1EDPT1 SEGMENT="1"><TDID>ZDSH</TDID><TSSPRAS>E</TSSPRAS><TSSPRAS_ISO>EN</TSSPRAS_ISO><E1EDPT2 SEGMENT="1"><TDLINE>please leave at front door behind table</TDLINE></E1EDPT2></E1EDPT1></E1EDP01><E1EDP01 SEGMENT="1"><POSEX>00020</POSEX><ACTION>001</ACTION><PSTYP>0</PSTYP><KZABS>X</KZABS><MENGE>1.000</MENGE><MENEE>EA</MENEE><BMNG2>1.000</BMNG2><PMENE>EA</PMENE><VPREI>7.00</VPREI><PEINH>1</PEINH><NETWR>7.00</NETWR><GEWEI>KGM</GEWEI><MATKL>115059905</MATKL><BPUMN>1</BPUMN><BPUMZ>1</BPUMZ><BRGEW /><WERKS>1199</WERKS><LGORT>0001</LGORT><ZE1EDP01 SEGMENT="1"><ATTYP>00</ATTYP><ZDS_NETPR>13.99</ZDS_NETPR><ZDS_NETVAL>13.99</ZDS_NETVAL><ZDS_BSTNK>31062764</ZDS_BSTNK></ZE1EDP01><E1EDP20 SEGMENT="1"><WMENG>1.000</WMENG><AMENG>0.000</AMENG><EDATU>20250728</EDATU></E1EDP20><E1EDP19 SEGMENT="1"><QUALF>002</QUALF><IDTNR>RCCCDTBLU</IDTNR></E1EDP19><E1EDP19 SEGMENT="1"><QUALF>001</QUALF><IDTNR>000000000001106355</IDTNR><KTEXT>DS Dog Toy RCO Clean &amp; Chew Dental Blue</KTEXT></E1EDP19><E1EDP19 SEGMENT="1"><QUALF>003</QUALF><IDTNR>2050003176415</IDTNR></E1EDP19><E1EDPT1 SEGMENT="1"><TDID>ZDSH</TDID><TSSPRAS>E</TSSPRAS><TSSPRAS_ISO>EN</TSSPRAS_ISO><E1EDPT2 SEGMENT="1"><TDLINE>please leave at front door behind table</TDLINE></E1EDPT2></E1EDPT1></E1EDP01><E1EDS01 SEGMENT="1"><SUMID>002</SUMID><SUMME>14.00</SUMME><SUNIT>NZD</SUNIT></E1EDS01></IDOC></ORDERSEXT>
2025-07-21T14:34:22.2639532+12:00 [DBG] (DropshipGetTickets/MMLAKL-TS/1) SendDespatchNote - FTP ASN file C:\Dropship\Outbox\DN_PO_Briscoes_MML_6500307064_0001_20250721143422150.xml to host ftp://post.edis.co.nz//ToEDIS
2025-07-21T14:34:22.5959887+12:00 [INF] (DropshipGetTickets/MMLAKL-TS/1) SendDespatchNote - FTP ASN file C:\Dropship\Outbox\DN_PO_Briscoes_MML_6500307064_0001_20250721143422150.xml to host ftp://post.edis.co.nz//ToEDIS succeeded
2025-07-21T14:34:22.5959887+12:00 [DBG] (DropshipGetTickets/MMLAKL-TS/1) SendDespatchNote - ASN file C:\Dropship\Outbox\DN_PO_Briscoes_MML_6500307064_0001_20250721143422150.xml is being moved to success
2025-07-21T14:34:22.5959887+12:00 [INF] (DropshipGetTickets/MMLAKL-TS/1) SendDespatchNote - ASN file C:\Dropship\Outbox\DN_PO_Briscoes_MML_6500307064_0001_20250721143422150.xml moved successfully to success
2025-07-21T14:34:22.6428643+12:00 [DBG] (DropshipGetTickets/MMLAKL-TS/1) SendDespatchNote - Created entry in SQL for EDI DN C:\Dropship\Outbox\success\DN_PO_Briscoes_MML_6500307064_0001_20250721143422150.xml
2025-07-21T19:18:59.9709062+12:00 [FTL] (DropshipGetTickets/MMLAKL-TS/1) OrderPickStatus failed to initialise odoo object
